Archive member included to satisfy reference by file (symbol)

/opt/st/stm32cubeide_1.13.2/plugins/com.st.stm32cube.ide.mcu.externaltools.gnu-tools-for-stm32.11.3.rel1.linux64_1.1.1.202309131626/tools/bin/../lib/gcc/arm-none-eabi/11.3.1/../../../../arm-none-eabi/lib/thumb/v7-m/nofp/libc_nano.a(libc_a-exit.o)
                              /opt/st/stm32cubeide_1.13.2/plugins/com.st.stm32cube.ide.mcu.externaltools.gnu-tools-for-stm32.11.3.rel1.linux64_1.1.1.202309131626/tools/bin/../lib/gcc/arm-none-eabi/11.3.1/../../../../arm-none-eabi/lib/thumb/v7-m/nofp/crt0.o (exit)
/opt/st/stm32cubeide_1.13.2/plugins/com.st.stm32cube.ide.mcu.externaltools.gnu-tools-for-stm32.11.3.rel1.linux64_1.1.1.202309131626/tools/bin/../lib/gcc/arm-none-eabi/11.3.1/../../../../arm-none-eabi/lib/thumb/v7-m/nofp/libc_nano.a(libc_a-findfp.o)
                              /opt/st/stm32cubeide_1.13.2/plugins/com.st.stm32cube.ide.mcu.externaltools.gnu-tools-for-stm32.11.3.rel1.linux64_1.1.1.202309131626/tools/bin/../lib/gcc/arm-none-eabi/11.3.1/../../../../arm-none-eabi/lib/thumb/v7-m/nofp/libc_nano.a(libc_a-exit.o) (__stdio_exit_handler)
/opt/st/stm32cubeide_1.13.2/plugins/com.st.stm32cube.ide.mcu.externaltools.gnu-tools-for-stm32.11.3.rel1.linux64_1.1.1.202309131626/tools/bin/../lib/gcc/arm-none-eabi/11.3.1/../../../../arm-none-eabi/lib/thumb/v7-m/nofp/libc_nano.a(libc_a-fwalk.o)
                              /opt/st/stm32cubeide_1.13.2/plugins/com.st.stm32cube.ide.mcu.externaltools.gnu-tools-for-stm32.11.3.rel1.linux64_1.1.1.202309131626/tools/bin/../lib/gcc/arm-none-eabi/11.3.1/../../../../arm-none-eabi/lib/thumb/v7-m/nofp/libc_nano.a(libc_a-findfp.o) (_fwalk_sglue)
/opt/st/stm32cubeide_1.13.2/plugins/com.st.stm32cube.ide.mcu.externaltools.gnu-tools-for-stm32.11.3.rel1.linux64_1.1.1.202309131626/tools/bin/../lib/gcc/arm-none-eabi/11.3.1/../../../../arm-none-eabi/lib/thumb/v7-m/nofp/libc_nano.a(libc_a-stdio.o)
                              /opt/st/stm32cubeide_1.13.2/plugins/com.st.stm32cube.ide.mcu.externaltools.gnu-tools-for-stm32.11.3.rel1.linux64_1.1.1.202309131626/tools/bin/../lib/gcc/arm-none-eabi/11.3.1/../../../../arm-none-eabi/lib/thumb/v7-m/nofp/libc_nano.a(libc_a-findfp.o) (__sread)
/opt/st/stm32cubeide_1.13.2/plugins/com.st.stm32cube.ide.mcu.externaltools.gnu-tools-for-stm32.11.3.rel1.linux64_1.1.1.202309131626/tools/bin/../lib/gcc/arm-none-eabi/11.3.1/../../../../arm-none-eabi/lib/thumb/v7-m/nofp/libc_nano.a(libc_a-memset.o)
                              /opt/st/stm32cubeide_1.13.2/plugins/com.st.stm32cube.ide.mcu.externaltools.gnu-tools-for-stm32.11.3.rel1.linux64_1.1.1.202309131626/tools/bin/../lib/gcc/arm-none-eabi/11.3.1/../../../../arm-none-eabi/lib/thumb/v7-m/nofp/crt0.o (memset)
/opt/st/stm32cubeide_1.13.2/plugins/com.st.stm32cube.ide.mcu.externaltools.gnu-tools-for-stm32.11.3.rel1.linux64_1.1.1.202309131626/tools/bin/../lib/gcc/arm-none-eabi/11.3.1/../../../../arm-none-eabi/lib/thumb/v7-m/nofp/libc_nano.a(libc_a-closer.o)
                              /opt/st/stm32cubeide_1.13.2/plugins/com.st.stm32cube.ide.mcu.externaltools.gnu-tools-for-stm32.11.3.rel1.linux64_1.1.1.202309131626/tools/bin/../lib/gcc/arm-none-eabi/11.3.1/../../../../arm-none-eabi/lib/thumb/v7-m/nofp/libc_nano.a(libc_a-stdio.o) (_close_r)
/opt/st/stm32cubeide_1.13.2/plugins/com.st.stm32cube.ide.mcu.externaltools.gnu-tools-for-stm32.11.3.rel1.linux64_1.1.1.202309131626/tools/bin/../lib/gcc/arm-none-eabi/11.3.1/../../../../arm-none-eabi/lib/thumb/v7-m/nofp/libc_nano.a(libc_a-reent.o)
                              /opt/st/stm32cubeide_1.13.2/plugins/com.st.stm32cube.ide.mcu.externaltools.gnu-tools-for-stm32.11.3.rel1.linux64_1.1.1.202309131626/tools/bin/../lib/gcc/arm-none-eabi/11.3.1/../../../../arm-none-eabi/lib/thumb/v7-m/nofp/libc_nano.a(libc_a-closer.o) (errno)
/opt/st/stm32cubeide_1.13.2/plugins/com.st.stm32cube.ide.mcu.externaltools.gnu-tools-for-stm32.11.3.rel1.linux64_1.1.1.202309131626/tools/bin/../lib/gcc/arm-none-eabi/11.3.1/../../../../arm-none-eabi/lib/thumb/v7-m/nofp/libc_nano.a(libc_a-impure.o)
                              /opt/st/stm32cubeide_1.13.2/plugins/com.st.stm32cube.ide.mcu.externaltools.gnu-tools-for-stm32.11.3.rel1.linux64_1.1.1.202309131626/tools/bin/../lib/gcc/arm-none-eabi/11.3.1/../../../../arm-none-eabi/lib/thumb/v7-m/nofp/libc_nano.a(libc_a-reent.o) (_impure_ptr)
/opt/st/stm32cubeide_1.13.2/plugins/com.st.stm32cube.ide.mcu.externaltools.gnu-tools-for-stm32.11.3.rel1.linux64_1.1.1.202309131626/tools/bin/../lib/gcc/arm-none-eabi/11.3.1/../../../../arm-none-eabi/lib/thumb/v7-m/nofp/libc_nano.a(libc_a-lseekr.o)
                              /opt/st/stm32cubeide_1.13.2/plugins/com.st.stm32cube.ide.mcu.externaltools.gnu-tools-for-stm32.11.3.rel1.linux64_1.1.1.202309131626/tools/bin/../lib/gcc/arm-none-eabi/11.3.1/../../../../arm-none-eabi/lib/thumb/v7-m/nofp/libc_nano.a(libc_a-stdio.o) (_lseek_r)
[...]
Memory Configuration

Name             Origin             Length             Attributes
RAM              0x0000000020000000 0x0000000000005000 xrw
FLASH            0x0000000008000000 0x0000000000010000 xr
*default*        0x0000000000000000 0xffffffffffffffff

Linker script and memory map

LOAD /opt/st/stm32cubeide_1.13.2/plugins/com.st.stm32cube.ide.mcu.externaltools.gnu-tools-for-stm32.11.3.rel1.linux64_1.1.1.202309131626/tools/bin/../lib/gcc/arm-none-eabi/11.3.1/thumb/v7-m/nofp/crti.o
LOAD /opt/st/stm32cubeide_1.13.2/plugins/com.st.stm32cube.ide.mcu.externaltools.gnu-tools-for-stm32.11.3.rel1.linux64_1.1.1.202309131626/tools/bin/../lib/gcc/arm-none-eabi/11.3.1/thumb/v7-m/nofp/crtbegin.o
LOAD /opt/st/stm32cubeide_1.13.2/plugins/com.st.stm32cube.ide.mcu.externaltools.gnu-tools-for-stm32.11.3.rel1.linux64_1.1.1.202309131626/tools/bin/../lib/gcc/arm-none-eabi/11.3.1/../../../../arm-none-eabi/lib/thumb/v7-m/nofp/crt0.o
LOAD ./Core/Src/main.o
LOAD ./Core/Src/stm32f1xx_hal_msp.o
LOAD ./Core/Src/stm32f1xx_it.o
LOAD ./Core/Src/syscalls.o
LOAD ./Core/Src/sysmem.o
LOAD ./Core/Src/system_stm32f1xx.o
LOAD ./Core/Startup/startup_stm32f103c8tx.o
LOAD ./Drivers/STM32F1xx_HAL_Driver/Src/stm32f1xx_hal.o
LOAD ./Drivers/STM32F1xx_HAL_Driver/Src/stm32f1xx_hal_adc.o
LOAD ./Drivers/STM32F1xx_HAL_Driver/Src/stm32f1xx_hal_adc_ex.o
LOAD ./Drivers/STM32F1xx_HAL_Driver/Src/stm32f1xx_hal_cortex.o
LOAD ./Drivers/STM32F1xx_HAL_Driver/Src/stm32f1xx_hal_dma.o
LOAD ./Drivers/STM32F1xx_HAL_Driver/Src/stm32f1xx_hal_exti.o
LOAD ./Drivers/STM32F1xx_HAL_Driver/Src/stm32f1xx_hal_flash.o
LOAD ./Drivers/STM32F1xx_HAL_Driver/Src/stm32f1xx_hal_flash_ex.o
LOAD ./Drivers/STM32F1xx_HAL_Driver/Src/stm32f1xx_hal_gpio.o
LOAD ./Drivers/STM32F1xx_HAL_Driver/Src/stm32f1xx_hal_gpio_ex.o
LOAD ./Drivers/STM32F1xx_HAL_Driver/Src/stm32f1xx_hal_pcd.o
LOAD ./Drivers/STM32F1xx_HAL_Driver/Src/stm32f1xx_hal_pcd_ex.o
LOAD ./Drivers/STM32F1xx_HAL_Driver/Src/stm32f1xx_hal_pwr.o
LOAD ./Drivers/STM32F1xx_HAL_Driver/Src/stm32f1xx_hal_rcc.o
LOAD ./Drivers/STM32F1xx_HAL_Driver/Src/stm32f1xx_hal_rcc_ex.o
LOAD ./Drivers/STM32F1xx_HAL_Driver/Src/stm32f1xx_hal_tim.o
LOAD ./Drivers/STM32F1xx_HAL_Driver/Src/stm32f1xx_hal_tim_ex.o
LOAD ./Drivers/STM32F1xx_HAL_Driver/Src/stm32f1xx_ll_usb.o
LOAD ./app/adc_task.o
LOAD ./app/usb_descriptor.o
LOAD ./drvs/adc_drv.o
LOAD ./libs/tinyusb/src/class/audio/audio_device.o
LOAD ./libs/tinyusb/src/class/bth/bth_device.o
LOAD ./libs/tinyusb/src/class/cdc/cdc_device.o
LOAD ./libs/tinyusb/src/class/cdc/cdc_host.o
LOAD ./libs/tinyusb/src/class/cdc/cdc_rndis_host.o
LOAD ./libs/tinyusb/src/class/dfu/dfu_device.o
LOAD ./libs/tinyusb/src/class/dfu/dfu_rt_device.o
LOAD ./libs/tinyusb/src/class/hid/hid_device.o
LOAD ./libs/tinyusb/src/class/hid/hid_host.o
LOAD ./libs/tinyusb/src/class/midi/midi_device.o
LOAD ./libs/tinyusb/src/class/midi/midi_host.o
LOAD ./libs/tinyusb/src/class/msc/msc_device.o
LOAD ./libs/tinyusb/src/class/msc/msc_host.o
LOAD ./libs/tinyusb/src/class/net/ecm_rndis_device.o
LOAD ./libs/tinyusb/src/class/net/ncm_device.o
LOAD ./libs/tinyusb/src/class/usbtmc/usbtmc_device.o
LOAD ./libs/tinyusb/src/class/vendor/vendor_device.o
LOAD ./libs/tinyusb/src/class/vendor/vendor_host.o
LOAD ./libs/tinyusb/src/class/video/video_device.o
LOAD ./libs/tinyusb/src/common/tusb_fifo.o
LOAD ./libs/tinyusb/src/device/usbd.o
LOAD ./libs/tinyusb/src/device/usbd_control.o
LOAD ./libs/tinyusb/src/host/hub.o
LOAD ./libs/tinyusb/src/host/usbh.o
LOAD ./libs/tinyusb/src/portable/analog/max3421/hcd_max3421.o
LOAD ./libs/tinyusb/src/portable/bridgetek/ft9xx/dcd_ft9xx.o
LOAD ./libs/tinyusb/src/portable/chipidea/ci_fs/dcd_ci_fs.o
LOAD ./libs/tinyusb/src/portable/chipidea/ci_hs/dcd_ci_hs.o
LOAD ./libs/tinyusb/src/portable/chipidea/ci_hs/hcd_ci_hs.o
LOAD ./libs/tinyusb/src/portable/dialog/da146xx/dcd_da146xx.o
LOAD ./libs/tinyusb/src/portable/ehci/ehci.o
LOAD ./libs/tinyusb/src/portable/espressif/esp32sx/dcd_esp32sx.o
LOAD ./libs/tinyusb/src/portable/mentor/musb/dcd_musb.o
LOAD ./libs/tinyusb/src/portable/mentor/musb/hcd_musb.o
LOAD ./libs/tinyusb/src/portable/microchip/pic/dcd_pic.o
LOAD ./libs/tinyusb/src/portable/microchip/pic32mz/dcd_pic32mz.o
LOAD ./libs/tinyusb/src/portable/microchip/samd/dcd_samd.o
LOAD ./libs/tinyusb/src/portable/microchip/samg/dcd_samg.o
LOAD ./libs/tinyusb/src/portable/microchip/samx7x/dcd_samx7x.o
LOAD ./libs/tinyusb/src/portable/mindmotion/mm32/dcd_mm32f327x_otg.o
LOAD ./libs/tinyusb/src/portable/nordic/nrf5x/dcd_nrf5x.o
LOAD ./libs/tinyusb/src/portable/nuvoton/nuc120/dcd_nuc120.o
LOAD ./libs/tinyusb/src/portable/nuvoton/nuc121/dcd_nuc121.o
LOAD ./libs/tinyusb/src/portable/nuvoton/nuc505/dcd_nuc505.o
LOAD ./libs/tinyusb/src/portable/nxp/khci/dcd_khci.o
LOAD ./libs/tinyusb/src/portable/nxp/khci/hcd_khci.o
LOAD ./libs/tinyusb/src/portable/nxp/lpc17_40/dcd_lpc17_40.o
LOAD ./libs/tinyusb/src/portable/nxp/lpc17_40/hcd_lpc17_40.o
LOAD ./libs/tinyusb/src/portable/nxp/lpc_ip3511/dcd_lpc_ip3511.o
LOAD ./libs/tinyusb/src/portable/ohci/ohci.o
LOAD ./libs/tinyusb/src/portable/raspberrypi/pio_usb/dcd_pio_usb.o
LOAD ./libs/tinyusb/src/portable/raspberrypi/pio_usb/hcd_pio_usb.o
LOAD ./libs/tinyusb/src/portable/raspberrypi/rp2040/dcd_rp2040.o
LOAD ./libs/tinyusb/src/portable/raspberrypi/rp2040/hcd_rp2040.o
LOAD ./libs/tinyusb/src/portable/raspberrypi/rp2040/rp2040_usb.o
LOAD ./libs/tinyusb/src/portable/renesas/rusb2/dcd_rusb2.o
LOAD ./libs/tinyusb/src/portable/renesas/rusb2/hcd_rusb2.o
LOAD ./libs/tinyusb/src/portable/renesas/rusb2/rusb2_common.o
LOAD ./libs/tinyusb/src/portable/sony/cxd56/dcd_cxd56.o
LOAD ./libs/tinyusb/src/portable/st/stm32_fsdev/dcd_stm32_fsdev.o
LOAD ./libs/tinyusb/src/portable/st/typec/typec_stm32.o
LOAD ./libs/tinyusb/src/portable/sunxi/dcd_sunxi_musb.o
LOAD ./libs/tinyusb/src/portable/synopsys/dwc2/dcd_dwc2.o
LOAD ./libs/tinyusb/src/portable/synopsys/dwc2/dwc2_common.o
LOAD ./libs/tinyusb/src/portable/synopsys/dwc2/hcd_dwc2.o
LOAD ./libs/tinyusb/src/portable/template/dcd_template.o
LOAD ./libs/tinyusb/src/portable/template/hcd_template.o
LOAD ./libs/tinyusb/src/portable/ti/msp430x5xx/dcd_msp430x5xx.o
LOAD ./libs/tinyusb/src/portable/valentyusb/eptri/dcd_eptri.o
LOAD ./libs/tinyusb/src/portable/wch/dcd_ch32_usbfs.o
LOAD ./libs/tinyusb/src/portable/wch/dcd_ch32_usbhs.o
LOAD ./libs/tinyusb/src/tusb.o
LOAD ./libs/tinyusb/src/typec/usbc.o
LOAD ./utils/adc_corrector.o
LOAD ./utils/ema_filter.o
LOAD ./utils/hysteresis_filter.o
START GROUP
LOAD /opt/st/stm32cubeide_1.13.2/plugins/com.st.stm32cube.ide.mcu.externaltools.gnu-tools-for-stm32.11.3.rel1.linux64_1.1.1.202309131626/tools/bin/../lib/gcc/arm-none-eabi/11.3.1/../../../../arm-none-eabi/lib/thumb/v7-m/nofp/libc_nano.a
LOAD /opt/st/stm32cubeide_1.13.2/plugins/com.st.stm32cube.ide.mcu.externaltools.gnu-tools-for-stm32.11.3.rel1.linux64_1.1.1.202309131626/tools/bin/../lib/gcc/arm-none-eabi/11.3.1/../../../../arm-none-eabi/lib/thumb/v7-m/nofp/libm.a
END GROUP
START GROUP
LOAD /opt/st/stm32cubeide_1.13.2/plugins/com.st.stm32cube.ide.mcu.externaltools.gnu-tools-for-stm32.11.3.rel1.linux64_1.1.1.202309131626/tools/bin/../lib/gcc/arm-none-eabi/11.3.1/thumb/v7-m/nofp/libgcc.a
LOAD /opt/st/stm32cubeide_1.13.2/plugins/com.st.stm32cube.ide.mcu.externaltools.gnu-tools-for-stm32.11.3.rel1.linux64_1.1.1.202309131626/tools/bin/../lib/gcc/arm-none-eabi/11.3.1/../../../../arm-none-eabi/lib/thumb/v7-m/nofp/libc_nano.a
END GROUP
START GROUP
LOAD /opt/st/stm32cubeide_1.13.2/plugins/com.st.stm32cube.ide.mcu.externaltools.gnu-tools-for-stm32.11.3.rel1.linux64_1.1.1.202309131626/tools/bin/../lib/gcc/arm-none-eabi/11.3.1/thumb/v7-m/nofp/libgcc.a
LOAD /opt/st/stm32cubeide_1.13.2/plugins/com.st.stm32cube.ide.mcu.externaltools.gnu-tools-for-stm32.11.3.rel1.linux64_1.1.1.202309131626/tools/bin/../lib/gcc/arm-none-eabi/11.3.1/../../../../arm-none-eabi/lib/thumb/v7-m/nofp/libc_nano.a
LOAD /opt/st/stm32cubeide_1.13.2/plugins/com.st.stm32cube.ide.mcu.externaltools.gnu-tools-for-stm32.11.3.rel1.linux64_1.1.1.202309131626/tools/bin/../lib/gcc/arm-none-eabi/11.3.1/../../../../arm-none-eabi/lib/thumb/v7-m/nofp/libnosys.a
END GROUP
START GROUP
LOAD /opt/st/stm32cubeide_1.13.2/plugins/com.st.stm32cube.ide.mcu.externaltools.gnu-tools-for-stm32.11.3.rel1.linux64_1.1.1.202309131626/tools/bin/../lib/gcc/arm-none-eabi/11.3.1/thumb/v7-m/nofp/libgcc.a
LOAD /opt/st/stm32cubeide_1.13.2/plugins/com.st.stm32cube.ide.mcu.externaltools.gnu-tools-for-stm32.11.3.rel1.linux64_1.1.1.202309131626/tools/bin/../lib/gcc/arm-none-eabi/11.3.1/../../../../arm-none-eabi/lib/thumb/v7-m/nofp/libc_nano.a
LOAD /opt/st/stm32cubeide_1.13.2/plugins/com.st.stm32cube.ide.mcu.externaltools.gnu-tools-for-stm32.11.3.rel1.linux64_1.1.1.202309131626/tools/bin/../lib/gcc/arm-none-eabi/11.3.1/../../../../arm-none-eabi/lib/thumb/v7-m/nofp/libnosys.a
END GROUP
LOAD /opt/st/stm32cubeide_1.13.2/plugins/com.st.stm32cube.ide.mcu.externaltools.gnu-tools-for-stm32.11.3.rel1.linux64_1.1.1.202309131626/tools/bin/../lib/gcc/arm-none-eabi/11.3.1/thumb/v7-m/nofp/crtend.o
LOAD /opt/st/stm32cubeide_1.13.2/plugins/com.st.stm32cube.ide.mcu.externaltools.gnu-tools-for-stm32.11.3.rel1.linux64_1.1.1.202309131626/tools/bin/../lib/gcc/arm-none-eabi/11.3.1/thumb/v7-m/nofp/crtn.o
                0x0000000020005000                _estack = (ORIGIN (RAM) + LENGTH (RAM))
                0x0000000000000200                _Min_Heap_Size = 0x200
                0x0000000000000400                _Min_Stack_Size = 0x400

.isr_vector     0x0000000008000000      0x10c
                0x0000000008000000                . = ALIGN (0x4)
 *(.isr_vector)
 .isr_vector    0x0000000008000000      0x10c ./Core/Startup/startup_stm32f103c8tx.o
                0x0000000008000000                g_pfnVectors
                0x000000000800010c                . = ALIGN (0x4)

.text           0x000000000800010c     0xaffc
                0x000000000800010c                . = ALIGN (0x4)
 *(.text)
 .text          0x000000000800010c       0x40 /opt/st/stm32cubeide_1.13.2/plugins/com.st.stm32cube.ide.mcu.externaltools.gnu-tools-for-stm32.11.3.rel1.linux64_1.1.1.202309131626/tools/bin/../lib/gcc/arm-none-eabi/11.3.1/thumb/v7-m/nofp/crtbegin.o
 .text          0x000000000800014c       0x10 /opt/st/stm32cubeide_1.13.2/plugins/com.st.stm32cube.ide.mcu.externaltools.gnu-tools-for-stm32.11.3.rel1.linux64_1.1.1.202309131626/tools/bin/../lib/gcc/arm-none-eabi/11.3.1/../../../../arm-none-eabi/lib/thumb/v7-m/nofp/libc_nano.a(libc_a-strlen.o)
                0x000000000800014c                strlen
 .text          0x000000000800015c      0x21c /opt/st/stm32cubeide_1.13.2/plugins/com.st.stm32cube.ide.mcu.externaltools.gnu-tools-for-stm32.11.3.rel1.linux64_1.1.1.202309131626/tools/bin/../lib/gcc/arm-none-eabi/11.3.1/thumb/v7-m/nofp/libgcc.a(_arm_addsubsf3.o)
                0x000000000800015c                __aeabi_frsub
                0x0000000008000164                __subsf3
                0x0000000008000164                __aeabi_fsub
                0x0000000008000168                __aeabi_fadd
                0x0000000008000168                __addsf3
                0x00000000080002c8                __aeabi_ui2f
                0x00000000080002c8                __floatunsisf
                0x00000000080002d0                __aeabi_i2f
                0x00000000080002d0                __floatsisf
                0x00000000080002ec                __floatundisf
                0x00000000080002ec                __aeabi_ul2f
                0x00000000080002fc                __floatdisf
                0x00000000080002fc                __aeabi_l2f
 .text          0x0000000008000378      0x2a0 /opt/st/stm32cubeide_1.13.2/plugins/com.st.stm32cube.ide.mcu.externaltools.gnu-tools-for-stm32.11.3.rel1.linux64_1.1.1.202309131626/tools/bin/../lib/gcc/arm-none-eabi/11.3.1/thumb/v7-m/nofp/libgcc.a(_arm_muldivsf3.o)
                0x0000000008000378                __mulsf3
                0x0000000008000378                __aeabi_fmul
                0x00000000080004e0                __divsf3
                0x00000000080004e0                __aeabi_fdiv
 .text          0x0000000008000618       0x4c /opt/st/stm32cubeide_1.13.2/plugins/com.st.stm32cube.ide.mcu.externaltools.gnu-tools-for-stm32.11.3.rel1.linux64_1.1.1.202309131626/tools/bin/../lib/gcc/arm-none-eabi/11.3.1/thumb/v7-m/nofp/libgcc.a(_arm_fixsfsi.o)
                0x0000000008000618                __fixsfsi
                0x0000000008000618                __aeabi_f2iz
 *(.text*)
 .text.AdcTask_irq_callback
                0x0000000008000664       0x12 ./Core/Src/main.o
                0x0000000008000664                AdcTask_irq_callback
 *fill*         0x0000000008000676        0x2 
 .text.Mouse_GetAction
                0x0000000008000678      0x124 ./Core/Src/main.o
                0x0000000008000678                Mouse_GetAction
 .text.Mouse_SendHIDReport
                0x000000000800079c       0x5c ./Core/Src/main.o
                0x000000000800079c                Mouse_SendHIDReport
 .text.main     0x00000000080007f8       0x90 ./Core/Src/main.o
                0x00000000080007f8                main
 .text.SystemClock_Config
                0x0000000008000888       0xba ./Core/Src/main.o
                0x0000000008000888                SystemClock_Config
 *fill*         0x0000000008000942        0x2 
 .text.MX_ADC1_Init
                0x0000000008000944       0xa0 ./Core/Src/main.o
 .text.MX_USB_PCD_Init
                0x00000000080009e4       0x44 ./Core/Src/main.o
 .text.MX_DMA_Init
                0x0000000008000a28       0x3c ./Core/Src/main.o
 .text.MX_GPIO_Init
                0x0000000008000a64       0x84 ./Core/Src/main.o
 .text.Error_Handler
                0x0000000008000ae8        0xa ./Core/Src/main.o
                0x0000000008000ae8                Error_Handler
 *fill*         0x0000000008000af2        0x2 
 .text.HAL_MspInit
                0x0000000008000af4       0x64 ./Core/Src/stm32f1xx_hal_msp.o
                0x0000000008000af4                HAL_MspInit
 .text.HAL_ADC_MspInit
                0x0000000008000b58       0xd4 ./Core/Src/stm32f1xx_hal_msp.o
                0x0000000008000b58                HAL_ADC_MspInit
 .text.HAL_PCD_MspInit
                0x0000000008000c2c       0x4c ./Core/Src/stm32f1xx_hal_msp.o
                0x0000000008000c2c                HAL_PCD_MspInit
 .text.NMI_Handler
                0x0000000008000c78        0x6 ./Core/Src/stm32f1xx_it.o
                0x0000000008000c78                NMI_Handler
 .text.HardFault_Handler
                0x0000000008000c7e        0x6 ./Core/Src/stm32f1xx_it.o
                0x0000000008000c7e                HardFault_Handler
 .text.MemManage_Handler
                0x0000000008000c84        0x6 ./Core/Src/stm32f1xx_it.o
                0x0000000008000c84                MemManage_Handler
 .text.BusFault_Handler
                0x0000000008000c8a        0x6 ./Core/Src/stm32f1xx_it.o
                0x0000000008000c8a                BusFault_Handler
 .text.UsageFault_Handler
                0x0000000008000c90        0x6 ./Core/Src/stm32f1xx_it.o
                0x0000000008000c90                UsageFault_Handler
 .text.SVC_Handler
                0x0000000008000c96        0xc ./Core/Src/stm32f1xx_it.o
                0x0000000008000c96                SVC_Handler
 .text.DebugMon_Handler
                0x0000000008000ca2        0xc ./Core/Src/stm32f1xx_it.o
                0x0000000008000ca2                DebugMon_Handler
 .text.PendSV_Handler
                0x0000000008000cae        0xc ./Core/Src/stm32f1xx_it.o
                0x0000000008000cae                PendSV_Handler
 .text.SysTick_Handler
                0x0000000008000cba        0xc ./Core/Src/stm32f1xx_it.o
                0x0000000008000cba                SysTick_Handler
 *fill*         0x0000000008000cc6        0x2 
 .text.DMA1_Channel1_IRQHandler
                0x0000000008000cc8       0x14 ./Core/Src/stm32f1xx_it.o
                0x0000000008000cc8                DMA1_Channel1_IRQHandler
 .text.USB_LP_CAN1_RX0_IRQHandler
                0x0000000008000cdc       0x18 ./Core/Src/stm32f1xx_it.o
                0x0000000008000cdc                USB_LP_CAN1_RX0_IRQHandler
 .text.SystemInit
                0x0000000008000cf4        0xc ./Core/Src/system_stm32f1xx.o
                0x0000000008000cf4                SystemInit
 .text.Reset_Handler
                0x0000000008000d00       0x48 ./Core/Startup/startup_stm32f103c8tx.o
                0x0000000008000d00                Reset_Handler
 .text.Default_Handler
                0x0000000008000d48        0x2 ./Core/Startup/startup_stm32f103c8tx.o
                0x0000000008000d48                RTC_Alarm_IRQHandler
                0x0000000008000d48                EXTI2_IRQHandler
                0x0000000008000d48                TIM1_CC_IRQHandler
                0x0000000008000d48                PVD_IRQHandler
                0x0000000008000d48                EXTI3_IRQHandler
                0x0000000008000d48                EXTI0_IRQHandler
                0x0000000008000d48                I2C2_EV_IRQHandler
                0x0000000008000d48                ADC1_2_IRQHandler
                0x0000000008000d48                SPI1_IRQHandler
                0x0000000008000d48                TAMPER_IRQHandler
                0x0000000008000d48                DMA1_Channel4_IRQHandler
                0x0000000008000d48                USART3_IRQHandler
                0x0000000008000d48                RTC_IRQHandler
                0x0000000008000d48                DMA1_Channel7_IRQHandler
                0x0000000008000d48                CAN1_RX1_IRQHandler
                0x0000000008000d48                TIM4_IRQHandler
                0x0000000008000d48                I2C1_EV_IRQHandler
                0x0000000008000d48                DMA1_Channel6_IRQHandler
                0x0000000008000d48                TIM3_IRQHandler
                0x0000000008000d48                RCC_IRQHandler
                0x0000000008000d48                TIM1_TRG_COM_IRQHandler
                0x0000000008000d48                Default_Handler
                0x0000000008000d48                EXTI15_10_IRQHandler
                0x0000000008000d48                EXTI9_5_IRQHandler
                0x0000000008000d48                SPI2_IRQHandler
                0x0000000008000d48                DMA1_Channel5_IRQHandler
                0x0000000008000d48                EXTI4_IRQHandler
                0x0000000008000d48                USB_HP_CAN1_TX_IRQHandler
                0x0000000008000d48                DMA1_Channel3_IRQHandler
                0x0000000008000d48                TIM1_UP_IRQHandler
                0x0000000008000d48                WWDG_IRQHandler
                0x0000000008000d48                TIM2_IRQHandler
                0x0000000008000d48                TIM1_BRK_IRQHandler
                0x0000000008000d48                EXTI1_IRQHandler
                0x0000000008000d48                USART2_IRQHandler
                0x0000000008000d48                I2C2_ER_IRQHandler
                0x0000000008000d48                DMA1_Channel2_IRQHandler
                0x0000000008000d48                CAN1_SCE_IRQHandler
                0x0000000008000d48                FLASH_IRQHandler
                0x0000000008000d48                USART1_IRQHandler
                0x0000000008000d48                I2C1_ER_IRQHandler
                0x0000000008000d48                USBWakeUp_IRQHandler
 *fill*         0x0000000008000d4a        0x2 
 .text.HAL_Init
                0x0000000008000d4c       0x2c ./Drivers/STM32F1xx_HAL_Driver/Src/stm32f1xx_hal.o
                0x0000000008000d4c                HAL_Init
 .text.HAL_InitTick
                0x0000000008000d78       0x60 ./Drivers/STM32F1xx_HAL_Driver/Src/stm32f1xx_hal.o
                0x0000000008000d78                HAL_InitTick
 .text.HAL_IncTick
                0x0000000008000dd8       0x24 ./Drivers/STM32F1xx_HAL_Driver/Src/stm32f1xx_hal.o
                0x0000000008000dd8                HAL_IncTick
 .text.HAL_GetTick
                0x0000000008000dfc       0x14 ./Drivers/STM32F1xx_HAL_Driver/Src/stm32f1xx_hal.o
                0x0000000008000dfc                HAL_GetTick
 .text.HAL_Delay
                0x0000000008000e10       0x48 ./Drivers/STM32F1xx_HAL_Driver/Src/stm32f1xx_hal.o
                0x0000000008000e10                HAL_Delay
 .text.HAL_ADC_Init
                0x0000000008000e58      0x1b0 ./Drivers/STM32F1xx_HAL_Driver/Src/stm32f1xx_hal_adc.o
                0x0000000008000e58                HAL_ADC_Init
 .text.HAL_ADC_Start_DMA
                0x0000000008001008      0x1bc ./Drivers/STM32F1xx_HAL_Driver/Src/stm32f1xx_hal_adc.o
                0x0000000008001008                HAL_ADC_Start_DMA
 .text.HAL_ADC_ConvHalfCpltCallback
                0x00000000080011c4       0x12 ./Drivers/STM32F1xx_HAL_Driver/Src/stm32f1xx_hal_adc.o
                0x00000000080011c4                HAL_ADC_ConvHalfCpltCallback
 .text.HAL_ADC_ErrorCallback
                0x00000000080011d6       0x12 ./Drivers/STM32F1xx_HAL_Driver/Src/stm32f1xx_hal_adc.o
                0x00000000080011d6                HAL_ADC_ErrorCallback
 .text.HAL_ADC_ConfigChannel
                0x00000000080011e8      0x1f0 ./Drivers/STM32F1xx_HAL_Driver/Src/stm32f1xx_hal_adc.o
                0x00000000080011e8                HAL_ADC_ConfigChannel
 .text.ADC_Enable
                0x00000000080013d8       0xb4 ./Drivers/STM32F1xx_HAL_Driver/Src/stm32f1xx_hal_adc.o
                0x00000000080013d8                ADC_Enable
 .text.ADC_ConversionStop_Disable
                0x000000000800148c       0x82 ./Drivers/STM32F1xx_HAL_Driver/Src/stm32f1xx_hal_adc.o
                0x000000000800148c                ADC_ConversionStop_Disable
 .text.ADC_DMAConvCplt
                0x000000000800150e       0x7c ./Drivers/STM32F1xx_HAL_Driver/Src/stm32f1xx_hal_adc.o
                0x000000000800150e                ADC_DMAConvCplt
 .text.ADC_DMAHalfConvCplt
                0x000000000800158a       0x1c ./Drivers/STM32F1xx_HAL_Driver/Src/stm32f1xx_hal_adc.o
                0x000000000800158a                ADC_DMAHalfConvCplt
 .text.ADC_DMAError
                0x00000000080015a6       0x34 ./Drivers/STM32F1xx_HAL_Driver/Src/stm32f1xx_hal_adc.o
                0x00000000080015a6                ADC_DMAError
 *fill*         0x00000000080015da        0x2 
 .text.__NVIC_SetPriorityGrouping
                0x00000000080015dc       0x48 ./Drivers/STM32F1xx_HAL_Driver/Src/stm32f1xx_hal_cortex.o
 .text.__NVIC_GetPriorityGrouping
                0x0000000008001624       0x1c ./Drivers/STM32F1xx_HAL_Driver/Src/stm32f1xx_hal_cortex.o
 .text.__NVIC_EnableIRQ
                0x0000000008001640       0x38 ./Drivers/STM32F1xx_HAL_Driver/Src/stm32f1xx_hal_cortex.o
 .text.__NVIC_SetPriority
                0x0000000008001678       0x54 ./Drivers/STM32F1xx_HAL_Driver/Src/stm32f1xx_hal_cortex.o
 .text.NVIC_EncodePriority
                0x00000000080016cc       0x64 ./Drivers/STM32F1xx_HAL_Driver/Src/stm32f1xx_hal_cortex.o
 .text.SysTick_Config
                0x0000000008001730       0x44 ./Drivers/STM32F1xx_HAL_Driver/Src/stm32f1xx_hal_cortex.o
 .text.HAL_NVIC_SetPriorityGrouping
                0x0000000008001774       0x16 ./Drivers/STM32F1xx_HAL_Driver/Src/stm32f1xx_hal_cortex.o
                0x0000000008001774                HAL_NVIC_SetPriorityGrouping
 .text.HAL_NVIC_SetPriority
                0x000000000800178a       0x38 ./Drivers/STM32F1xx_HAL_Driver/Src/stm32f1xx_hal_cortex.o
                0x000000000800178a                HAL_NVIC_SetPriority
 .text.HAL_NVIC_EnableIRQ
                0x00000000080017c2       0x1c ./Drivers/STM32F1xx_HAL_Driver/Src/stm32f1xx_hal_cortex.o
                0x00000000080017c2                HAL_NVIC_EnableIRQ
 .text.HAL_SYSTICK_Config
                0x00000000080017de       0x18 ./Drivers/STM32F1xx_HAL_Driver/Src/stm32f1xx_hal_cortex.o
                0x00000000080017de                HAL_SYSTICK_Config
 *fill*         0x00000000080017f6        0x2 
 .text.HAL_DMA_Init
                0x00000000080017f8       0xb4 ./Drivers/STM32F1xx_HAL_Driver/Src/stm32f1xx_hal_dma.o
                0x00000000080017f8                HAL_DMA_Init
 .text.HAL_DMA_Start_IT
                0x00000000080018ac       0xc0 ./Drivers/STM32F1xx_HAL_Driver/Src/stm32f1xx_hal_dma.o
                0x00000000080018ac                HAL_DMA_Start_IT
 .text.HAL_DMA_IRQHandler
                0x000000000800196c      0x20c ./Drivers/STM32F1xx_HAL_Driver/Src/stm32f1xx_hal_dma.o
                0x000000000800196c                HAL_DMA_IRQHandler
 .text.DMA_SetConfig
                0x0000000008001b78       0x5a ./Drivers/STM32F1xx_HAL_Driver/Src/stm32f1xx_hal_dma.o
 *fill*         0x0000000008001bd2        0x2 
 .text.HAL_GPIO_Init
                0x0000000008001bd4      0x308 ./Drivers/STM32F1xx_HAL_Driver/Src/stm32f1xx_hal_gpio.o
                0x0000000008001bd4                HAL_GPIO_Init
 .text.HAL_GPIO_ReadPin
                0x0000000008001edc       0x2e ./Drivers/STM32F1xx_HAL_Driver/Src/stm32f1xx_hal_gpio.o
                0x0000000008001edc                HAL_GPIO_ReadPin
 .text.HAL_PCD_Init
                0x0000000008001f0a      0x1ec ./Drivers/STM32F1xx_HAL_Driver/Src/stm32f1xx_hal_pcd.o
                0x0000000008001f0a                HAL_PCD_Init
 .text.HAL_PCD_IRQHandler
                0x00000000080020f6      0x260 ./Drivers/STM32F1xx_HAL_Driver/Src/stm32f1xx_hal_pcd.o
                0x00000000080020f6                HAL_PCD_IRQHandler
 .text.HAL_PCD_DataOutStageCallback
                0x0000000008002356       0x16 ./Drivers/STM32F1xx_HAL_Driver/Src/stm32f1xx_hal_pcd.o
                0x0000000008002356                HAL_PCD_DataOutStageCallback
 .text.HAL_PCD_DataInStageCallback
                0x000000000800236c       0x16 ./Drivers/STM32F1xx_HAL_Driver/Src/stm32f1xx_hal_pcd.o
                0x000000000800236c                HAL_PCD_DataInStageCallback
 .text.HAL_PCD_SetupStageCallback
                0x0000000008002382       0x12 ./Drivers/STM32F1xx_HAL_Driver/Src/stm32f1xx_hal_pcd.o
                0x0000000008002382                HAL_PCD_SetupStageCallback
 .text.HAL_PCD_SOFCallback
                0x0000000008002394       0x12 ./Drivers/STM32F1xx_HAL_Driver/Src/stm32f1xx_hal_pcd.o
                0x0000000008002394                HAL_PCD_SOFCallback
 .text.HAL_PCD_ResetCallback
                0x00000000080023a6       0x12 ./Drivers/STM32F1xx_HAL_Driver/Src/stm32f1xx_hal_pcd.o
                0x00000000080023a6                HAL_PCD_ResetCallback
 .text.HAL_PCD_SuspendCallback
                0x00000000080023b8       0x12 ./Drivers/STM32F1xx_HAL_Driver/Src/stm32f1xx_hal_pcd.o
                0x00000000080023b8                HAL_PCD_SuspendCallback
 .text.HAL_PCD_ResumeCallback
                0x00000000080023ca       0x12 ./Drivers/STM32F1xx_HAL_Driver/Src/stm32f1xx_hal_pcd.o
                0x00000000080023ca                HAL_PCD_ResumeCallback
 .text.HAL_PCD_SetAddress
                0x00000000080023dc       0x48 ./Drivers/STM32F1xx_HAL_Driver/Src/stm32f1xx_hal_pcd.o
                0x00000000080023dc                HAL_PCD_SetAddress
 .text.PCD_EP_ISR_Handler
                0x0000000008002424      0x7a0 ./Drivers/STM32F1xx_HAL_Driver/Src/stm32f1xx_hal_pcd.o
 .text.HAL_PCD_EP_DB_Receive
                0x0000000008002bc4      0x21a ./Drivers/STM32F1xx_HAL_Driver/Src/stm32f1xx_hal_pcd.o
 .text.HAL_PCD_EP_DB_Transmit
                0x0000000008002dde      0x7f4 ./Drivers/STM32F1xx_HAL_Driver/Src/stm32f1xx_hal_pcd.o
 *fill*         0x00000000080035d2        0x2 
 .text.HAL_RCC_OscConfig
                0x00000000080035d4      0x504 ./Drivers/STM32F1xx_HAL_Driver/Src/stm32f1xx_hal_rcc.o
                0x00000000080035d4                HAL_RCC_OscConfig
 .text.HAL_RCC_ClockConfig
                0x0000000008003ad8      0x1d4 ./Drivers/STM32F1xx_HAL_Driver/Src/stm32f1xx_hal_rcc.o
                0x0000000008003ad8                HAL_RCC_ClockConfig
 .text.HAL_RCC_GetSysClockFreq
                0x0000000008003cac       0xa8 ./Drivers/STM32F1xx_HAL_Driver/Src/stm32f1xx_hal_rcc.o
                0x0000000008003cac                HAL_RCC_GetSysClockFreq
 .text.RCC_Delay
                0x0000000008003d54       0x3c ./Drivers/STM32F1xx_HAL_Driver/Src/stm32f1xx_hal_rcc.o
 .text.HAL_RCCEx_PeriphCLKConfig
                0x0000000008003d90      0x16c ./Drivers/STM32F1xx_HAL_Driver/Src/stm32f1xx_hal_rcc_ex.o
                0x0000000008003d90                HAL_RCCEx_PeriphCLKConfig
 .text.USB_CoreInit
                0x0000000008003efc       0x1a ./Drivers/STM32F1xx_HAL_Driver/Src/stm32f1xx_ll_usb.o
                0x0000000008003efc                USB_CoreInit
 .text.USB_DisableGlobalInt
                0x0000000008003f16       0x34 ./Drivers/STM32F1xx_HAL_Driver/Src/stm32f1xx_ll_usb.o
                0x0000000008003f16                USB_DisableGlobalInt
 .text.USB_SetCurrentMode
                0x0000000008003f4a       0x18 ./Drivers/STM32F1xx_HAL_Driver/Src/stm32f1xx_ll_usb.o
                0x0000000008003f4a                USB_SetCurrentMode
 .text.USB_DevInit
                0x0000000008003f62       0x3a ./Drivers/STM32F1xx_HAL_Driver/Src/stm32f1xx_ll_usb.o
                0x0000000008003f62                USB_DevInit
 .text.USB_EPStartXfer
                0x0000000008003f9c     0x1762 ./Drivers/STM32F1xx_HAL_Driver/Src/stm32f1xx_ll_usb.o
                0x0000000008003f9c                USB_EPStartXfer
 .text.USB_SetDevAddress
                0x00000000080056fe       0x26 ./Drivers/STM32F1xx_HAL_Driver/Src/stm32f1xx_ll_usb.o
                0x00000000080056fe                USB_SetDevAddress
 .text.USB_DevDisconnect
                0x0000000008005724       0x14 ./Drivers/STM32F1xx_HAL_Driver/Src/stm32f1xx_ll_usb.o
                0x0000000008005724                USB_DevDisconnect
 .text.USB_ReadInterrupts
                0x0000000008005738       0x1e ./Drivers/STM32F1xx_HAL_Driver/Src/stm32f1xx_ll_usb.o
                0x0000000008005738                USB_ReadInterrupts
 .text.USB_WritePMA
                0x0000000008005756       0x8a ./Drivers/STM32F1xx_HAL_Driver/Src/stm32f1xx_ll_usb.o
                0x0000000008005756                USB_WritePMA
 .text.USB_ReadPMA
                0x00000000080057e0       0x9e ./Drivers/STM32F1xx_HAL_Driver/Src/stm32f1xx_ll_usb.o
                0x00000000080057e0                USB_ReadPMA
 .text.AdcFilter_init
                0x000000000800587e       0x4c ./app/adc_task.o
                0x000000000800587e                AdcFilter_init
 .text.AdcFilter_update
                0x00000000080058ca       0x78 ./app/adc_task.o
                0x00000000080058ca                AdcFilter_update
 *fill*         0x0000000008005942        0x2 
 .text.tud_descriptor_device_cb
                0x0000000008005944       0x14 ./app/usb_descriptor.o
                0x0000000008005944                tud_descriptor_device_cb
 .text.tud_hid_descriptor_report_cb
                0x0000000008005958       0x1c ./app/usb_descriptor.o
                0x0000000008005958                tud_hid_descriptor_report_cb
 .text.tud_descriptor_configuration_cb
                0x0000000008005974       0x1c ./app/usb_descriptor.o
                0x0000000008005974                tud_descriptor_configuration_cb
 .text.tud_descriptor_string_cb
                0x0000000008005990       0xa4 ./app/usb_descriptor.o
                0x0000000008005990                tud_descriptor_string_cb
 .text.tud_hid_get_report_cb
                0x0000000008005a34       0x20 ./app/usb_descriptor.o
                0x0000000008005a34                tud_hid_get_report_cb
 .text.tud_hid_set_report_cb
                0x0000000008005a54       0x1e ./app/usb_descriptor.o
                0x0000000008005a54                tud_hid_set_report_cb
 .text.AdcDrv_init
                0x0000000008005a72       0x52 ./drvs/adc_drv.o
                0x0000000008005a72                AdcDrv_init
 .text.AdcDrv_start
                0x0000000008005ac4       0x18 ./drvs/adc_drv.o
                0x0000000008005ac4                AdcDrv_start
 .text.AdcDrv_get_result
                0x0000000008005adc       0x30 ./drvs/adc_drv.o
                0x0000000008005adc                AdcDrv_get_result
 .text.AdcDrv_register
                0x0000000008005b0c       0x60 ./drvs/adc_drv.o
                0x0000000008005b0c                AdcDrv_register
 .text.AdcDrv_hal_start
                0x0000000008005b6c       0x32 ./drvs/adc_drv.o
                0x0000000008005b6c                AdcDrv_hal_start
 *fill*         0x0000000008005b9e        0x2 
 .text.HAL_ADC_ConvCpltCallback
                0x0000000008005ba0       0x34 ./drvs/adc_drv.o
                0x0000000008005ba0                HAL_ADC_ConvCpltCallback
 .text.tud_hid_set_protocol_cb
                0x0000000008005bd4       0x1a ./libs/tinyusb/src/class/hid/hid_device.o
                0x0000000008005bd4                tud_hid_set_protocol_cb
 .text.tud_hid_set_idle_cb
                0x0000000008005bee       0x1c ./libs/tinyusb/src/class/hid/hid_device.o
                0x0000000008005bee                tud_hid_set_idle_cb
 .text.tud_hid_report_complete_cb
                0x0000000008005c0a       0x1a ./libs/tinyusb/src/class/hid/hid_device.o
                0x0000000008005c0a                tud_hid_report_complete_cb
 .text.tud_hid_report_failed_cb
                0x0000000008005c24       0x20 ./libs/tinyusb/src/class/hid/hid_device.o
                0x0000000008005c24                tud_hid_report_failed_cb
 .text.tud_hid_n_ready
                0x0000000008005c44       0x84 ./libs/tinyusb/src/class/hid/hid_device.o
                0x0000000008005c44                tud_hid_n_ready
 .text.tud_hid_n_report
                0x0000000008005cc8      0x110 ./libs/tinyusb/src/class/hid/hid_device.o
                0x0000000008005cc8                tud_hid_n_report
 .text.hidd_init
                0x0000000008005dd8        0xe ./libs/tinyusb/src/class/hid/hid_device.o
                0x0000000008005dd8                hidd_init
 .text.hidd_deinit
                0x0000000008005de6        0xe ./libs/tinyusb/src/class/hid/hid_device.o
                0x0000000008005de6                hidd_deinit
 .text.hidd_reset
                0x0000000008005df4       0x20 ./libs/tinyusb/src/class/hid/hid_device.o
                0x0000000008005df4                hidd_reset
 .text.hidd_open
                0x0000000008005e14      0x1d0 ./libs/tinyusb/src/class/hid/hid_device.o
                0x0000000008005e14                hidd_open
 .text.hidd_control_xfer_cb
                0x0000000008005fe4      0x3d8 ./libs/tinyusb/src/class/hid/hid_device.o
                0x0000000008005fe4                hidd_control_xfer_cb
 .text.hidd_xfer_cb
                0x00000000080063bc      0x12c ./libs/tinyusb/src/class/hid/hid_device.o
                0x00000000080063bc                hidd_xfer_cb
 .text._ff_push
                0x00000000080064e8       0x3e ./libs/tinyusb/src/common/tusb_fifo.o
 .text._ff_pull
                0x0000000008006526       0x3e ./libs/tinyusb/src/common/tusb_fifo.o
 .text.advance_index
                0x0000000008006564       0x4a ./libs/tinyusb/src/common/tusb_fifo.o
 .text._tu_fifo_peek
                0x00000000080065ae       0xcc ./libs/tinyusb/src/common/tusb_fifo.o
 .text.tu_fifo_full
                0x000000000800667a       0x5a ./libs/tinyusb/src/common/tusb_fifo.o
                0x000000000800667a                tu_fifo_full
 .text.tu_fifo_read
                0x00000000080066d4       0x48 ./libs/tinyusb/src/common/tusb_fifo.o
                0x00000000080066d4                tu_fifo_read
 .text.tu_fifo_write
                0x000000000800671c       0x86 ./libs/tinyusb/src/common/tusb_fifo.o
                0x000000000800671c                tu_fifo_write
 .text.tu_fifo_clear
                0x00000000080067a2       0x20 ./libs/tinyusb/src/common/tusb_fifo.o
                0x00000000080067a2                tu_fifo_clear
 .text.tu_fifo_advance_write_pointer
                0x00000000080067c2       0x2e ./libs/tinyusb/src/common/tusb_fifo.o
                0x00000000080067c2                tu_fifo_advance_write_pointer
 .text.tu_fifo_advance_read_pointer
                0x00000000080067f0       0x2e ./libs/tinyusb/src/common/tusb_fifo.o
                0x00000000080067f0                tu_fifo_advance_read_pointer
 .text.tu_fifo_get_read_info
                0x000000000800681e      0x140 ./libs/tinyusb/src/common/tusb_fifo.o
                0x000000000800681e                tu_fifo_get_read_info
 .text.tu_fifo_get_write_info
                0x000000000800695e      0x126 ./libs/tinyusb/src/common/tusb_fifo.o
                0x000000000800695e                tu_fifo_get_write_info
 .text.tud_event_hook_cb
                0x0000000008006a84       0x1a ./libs/tinyusb/src/device/usbd.o
                0x0000000008006a84                tud_event_hook_cb
 .text.tud_sof_cb
                0x0000000008006a9e       0x12 ./libs/tinyusb/src/device/usbd.o
                0x0000000008006a9e                tud_sof_cb
 .text.tud_descriptor_bos_cb
                0x0000000008006ab0        0xe ./libs/tinyusb/src/device/usbd.o
                0x0000000008006ab0                tud_descriptor_bos_cb
 .text.tud_descriptor_device_qualifier_cb
                0x0000000008006abe        0xe ./libs/tinyusb/src/device/usbd.o
                0x0000000008006abe                tud_descriptor_device_qualifier_cb
 .text.tud_descriptor_other_speed_configuration_cb
                0x0000000008006acc       0x16 ./libs/tinyusb/src/device/usbd.o
                0x0000000008006acc                tud_descriptor_other_speed_configuration_cb
 .text.tud_mount_cb
                0x0000000008006ae2        0xc ./libs/tinyusb/src/device/usbd.o
                0x0000000008006ae2                tud_mount_cb
 .text.tud_umount_cb
                0x0000000008006aee        0xc ./libs/tinyusb/src/device/usbd.o
                0x0000000008006aee                tud_umount_cb
 .text.tud_suspend_cb
                0x0000000008006afa       0x14 ./libs/tinyusb/src/device/usbd.o
                0x0000000008006afa                tud_suspend_cb
 .text.tud_resume_cb
                0x0000000008006b0e        0xc ./libs/tinyusb/src/device/usbd.o
                0x0000000008006b0e                tud_resume_cb
 .text.tud_vendor_control_xfer_cb
                0x0000000008006b1a       0x1c ./libs/tinyusb/src/device/usbd.o
                0x0000000008006b1a                tud_vendor_control_xfer_cb
 .text.dcd_connect
                0x0000000008006b36       0x14 ./libs/tinyusb/src/device/usbd.o
                0x0000000008006b36                dcd_connect
 *fill*         0x0000000008006b4a        0x2 
 .text.tud_mounted
                0x0000000008006b4c       0x20 ./libs/tinyusb/src/device/usbd.o
                0x0000000008006b4c                tud_mounted
 .text.tud_suspended
                0x0000000008006b6c       0x24 ./libs/tinyusb/src/device/usbd.o
                0x0000000008006b6c                tud_suspended
 .text.tud_inited
                0x0000000008006b90       0x20 ./libs/tinyusb/src/device/usbd.o
                0x0000000008006b90                tud_inited
 .text.tud_rhport_init
                0x0000000008006bb0      0x188 ./libs/tinyusb/src/device/usbd.o
                0x0000000008006bb0                tud_rhport_init
 .text.configuration_reset
                0x0000000008006d38       0xc8 ./libs/tinyusb/src/device/usbd.o
 .text.usbd_reset
                0x0000000008006e00       0x1e ./libs/tinyusb/src/device/usbd.o
 *fill*         0x0000000008006e1e        0x2 
 .text.tud_task_ext
                0x0000000008006e20      0x348 ./libs/tinyusb/src/device/usbd.o
                0x0000000008006e20                tud_task_ext
 .text.invoke_class_control
                0x0000000008007168       0x2e ./libs/tinyusb/src/device/usbd.o
 *fill*         0x0000000008007196        0x2 
 .text.process_control_request
                0x0000000008007198      0x5bc ./libs/tinyusb/src/device/usbd.o
 .text.process_set_config
                0x0000000008007754      0x248 ./libs/tinyusb/src/device/usbd.o
 .text.process_get_descriptor
                0x000000000800799c      0x1b8 ./libs/tinyusb/src/device/usbd.o
 .text.dcd_event_handler
                0x0000000008007b54      0x3c4 ./libs/tinyusb/src/device/usbd.o
                0x0000000008007b54                dcd_event_handler
 .text.usbd_int_set
                0x0000000008007f18       0x34 ./libs/tinyusb/src/device/usbd.o
                0x0000000008007f18                usbd_int_set
 .text.usbd_open_edpt_pair
                0x0000000008007f4c       0xd0 ./libs/tinyusb/src/device/usbd.o
                0x0000000008007f4c                usbd_open_edpt_pair
 .text.usbd_edpt_open
                0x000000000800801c       0x8c ./libs/tinyusb/src/device/usbd.o
                0x000000000800801c                usbd_edpt_open
 .text.usbd_edpt_claim
                0x00000000080080a8       0x54 ./libs/tinyusb/src/device/usbd.o
                0x00000000080080a8                usbd_edpt_claim
 .text.usbd_edpt_xfer
                0x00000000080080fc       0xec ./libs/tinyusb/src/device/usbd.o
                0x00000000080080fc                usbd_edpt_xfer
 .text.usbd_edpt_busy
                0x00000000080081e8       0x58 ./libs/tinyusb/src/device/usbd.o
                0x00000000080081e8                usbd_edpt_busy
 .text.usbd_edpt_stall
                0x0000000008008240       0x7c ./libs/tinyusb/src/device/usbd.o
                0x0000000008008240                usbd_edpt_stall
 .text.usbd_edpt_clear_stall
                0x00000000080082bc       0x7c ./libs/tinyusb/src/device/usbd.o
                0x00000000080082bc                usbd_edpt_clear_stall
 .text.usbd_edpt_stalled
                0x0000000008008338       0x58 ./libs/tinyusb/src/device/usbd.o
                0x0000000008008338                usbd_edpt_stalled
 .text.status_stage_xact
                0x0000000008008390       0x38 ./libs/tinyusb/src/device/usbd_control.o
 .text.tud_control_status
                0x00000000080083c8       0x40 ./libs/tinyusb/src/device/usbd_control.o
                0x00000000080083c8                tud_control_status
 .text.data_stage_xact
                0x0000000008008408       0xa4 ./libs/tinyusb/src/device/usbd_control.o
 .text.tud_control_xfer
                0x00000000080084ac       0xe0 ./libs/tinyusb/src/device/usbd_control.o
                0x00000000080084ac                tud_control_xfer
 .text.usbd_control_reset
                0x000000000800858c       0x18 ./libs/tinyusb/src/device/usbd_control.o
                0x000000000800858c                usbd_control_reset
 .text.usbd_control_set_complete_callback
                0x00000000080085a4       0x1c ./libs/tinyusb/src/device/usbd_control.o
                0x00000000080085a4                usbd_control_set_complete_callback
 .text.usbd_control_set_request
                0x00000000080085c0       0x34 ./libs/tinyusb/src/device/usbd_control.o
                0x00000000080085c0                usbd_control_set_request
 .text.usbd_control_xfer_cb
                0x00000000080085f4      0x168 ./libs/tinyusb/src/device/usbd_control.o
                0x00000000080085f4                usbd_control_xfer_cb
 .text.__NVIC_EnableIRQ
                0x000000000800875c       0x38 ./libs/tinyusb/src/portable/st/stm32_fsdev/dcd_stm32_fsdev.o
 .text.__NVIC_DisableIRQ
                0x0000000008008794       0x48 ./libs/tinyusb/src/portable/st/stm32_fsdev/dcd_stm32_fsdev.o
 .text.dcd_int_enable
                0x00000000080087dc       0x44 ./libs/tinyusb/src/portable/st/stm32_fsdev/dcd_stm32_fsdev.o
                0x00000000080087dc                dcd_int_enable
 .text.dcd_int_disable
                0x0000000008008820       0x38 ./libs/tinyusb/src/portable/st/stm32_fsdev/dcd_stm32_fsdev.o
                0x0000000008008820                dcd_int_disable
 .text.dcd_init
                0x0000000008008858       0xf8 ./libs/tinyusb/src/portable/st/stm32_fsdev/dcd_stm32_fsdev.o
                0x0000000008008858                dcd_init
 .text.dcd_sof_enable
                0x0000000008008950       0x50 ./libs/tinyusb/src/portable/st/stm32_fsdev/dcd_stm32_fsdev.o
                0x0000000008008950                dcd_sof_enable
 .text.dcd_set_address
                0x00000000080089a0       0x24 ./libs/tinyusb/src/portable/st/stm32_fsdev/dcd_stm32_fsdev.o
                0x00000000080089a0                dcd_set_address
 .text.handle_bus_reset
                0x00000000080089c4       0x7c ./libs/tinyusb/src/portable/st/stm32_fsdev/dcd_stm32_fsdev.o
 .text.handle_ctr_tx
                0x0000000008008a40      0x15c ./libs/tinyusb/src/portable/st/stm32_fsdev/dcd_stm32_fsdev.o
 .text.handle_ctr_setup
                0x0000000008008b9c      0x20c ./libs/tinyusb/src/portable/st/stm32_fsdev/dcd_stm32_fsdev.o
 .text.handle_ctr_rx
                0x0000000008008da8      0x430 ./libs/tinyusb/src/portable/st/stm32_fsdev/dcd_stm32_fsdev.o
 .text.dcd_int_handler
                0x00000000080091d8      0x3a0 ./libs/tinyusb/src/portable/st/stm32_fsdev/dcd_stm32_fsdev.o
                0x00000000080091d8                dcd_int_handler
 .text.dcd_edpt0_status_complete
                0x0000000008009578      0x10c ./libs/tinyusb/src/portable/st/stm32_fsdev/dcd_stm32_fsdev.o
                0x0000000008009578                dcd_edpt0_status_complete
 .text.dcd_pma_alloc
                0x0000000008009684       0xf0 ./libs/tinyusb/src/portable/st/stm32_fsdev/dcd_stm32_fsdev.o
 .text.dcd_ep_alloc
                0x0000000008009774      0x140 ./libs/tinyusb/src/portable/st/stm32_fsdev/dcd_stm32_fsdev.o
 .text.edpt0_open
                0x00000000080098b4      0x220 ./libs/tinyusb/src/portable/st/stm32_fsdev/dcd_stm32_fsdev.o
 .text.dcd_edpt_open
                0x0000000008009ad4      0x250 ./libs/tinyusb/src/portable/st/stm32_fsdev/dcd_stm32_fsdev.o
                0x0000000008009ad4                dcd_edpt_open
 .text.dcd_edpt_close_all
                0x0000000008009d24       0xa8 ./libs/tinyusb/src/portable/st/stm32_fsdev/dcd_stm32_fsdev.o
                0x0000000008009d24                dcd_edpt_close_all
 .text.dcd_transmit_packet
                0x0000000008009dcc      0x1c4 ./libs/tinyusb/src/portable/st/stm32_fsdev/dcd_stm32_fsdev.o
 .text.edpt_xfer
                0x0000000008009f90      0x3d0 ./libs/tinyusb/src/portable/st/stm32_fsdev/dcd_stm32_fsdev.o
 .text.dcd_edpt_xfer
                0x000000000800a360       0x7c ./libs/tinyusb/src/portable/st/stm32_fsdev/dcd_stm32_fsdev.o
                0x000000000800a360                dcd_edpt_xfer
 .text.dcd_edpt_stall
                0x000000000800a3dc      0x108 ./libs/tinyusb/src/portable/st/stm32_fsdev/dcd_stm32_fsdev.o
                0x000000000800a3dc                dcd_edpt_stall
 .text.dcd_edpt_clear_stall
                0x000000000800a4e4      0x170 ./libs/tinyusb/src/portable/st/stm32_fsdev/dcd_stm32_fsdev.o
                0x000000000800a4e4                dcd_edpt_clear_stall
 .text.dcd_write_packet_memory
                0x000000000800a654       0xae ./libs/tinyusb/src/portable/st/stm32_fsdev/dcd_stm32_fsdev.o
 .text.dcd_read_packet_memory
                0x000000000800a702       0xa0 ./libs/tinyusb/src/portable/st/stm32_fsdev/dcd_stm32_fsdev.o
 .text.dcd_write_packet_memory_ff
                0x000000000800a7a2      0x148 ./libs/tinyusb/src/portable/st/stm32_fsdev/dcd_stm32_fsdev.o
 .text.dcd_read_packet_memory_ff
                0x000000000800a8ea      0x12c ./libs/tinyusb/src/portable/st/stm32_fsdev/dcd_stm32_fsdev.o
 *fill*         0x000000000800aa16        0x2 
 .text.tusb_rhport_init
                0x000000000800aa18       0xc8 ./libs/tinyusb/src/tusb.o
                0x000000000800aa18                tusb_rhport_init
 .text.tu_edpt_claim
                0x000000000800aae0       0x72 ./libs/tinyusb/src/tusb.o
                0x000000000800aae0                tu_edpt_claim
 *fill*         0x000000000800ab52        0x2 
 .text.tu_edpt_validate
                0x000000000800ab54      0x130 ./libs/tinyusb/src/tusb.o
                0x000000000800ab54                tu_edpt_validate
 .text.tu_edpt_bind_driver
                0x000000000800ac84       0x88 ./libs/tinyusb/src/tusb.o
                0x000000000800ac84                tu_edpt_bind_driver
 .text.adc_corrector_init
                0x000000000800ad0c       0xba ./utils/adc_corrector.o
                0x000000000800ad0c                adc_corrector_init
 .text.adc_corrector_update
                0x000000000800adc6       0xa6 ./utils/adc_corrector.o
                0x000000000800adc6                adc_corrector_update
 .text.adc_corrector_scale
                0x000000000800ae6c       0xc4 ./utils/adc_corrector.o
 .text.ema_filter_init
                0x000000000800af30       0x36 ./utils/ema_filter.o
                0x000000000800af30                ema_filter_init
 .text.ema_filter_update
                0x000000000800af66       0x42 ./utils/ema_filter.o
                0x000000000800af66                ema_filter_update
 .text.hysteresis_init
                0x000000000800afa8       0x32 ./utils/hysteresis_filter.o
                0x000000000800afa8                hysteresis_init
 .text.hysteresis_update
                0x000000000800afda       0x5a ./utils/hysteresis_filter.o
                0x000000000800afda                hysteresis_update
 .text.memset   0x000000000800b034       0x10 /opt/st/stm32cubeide_1.13.2/plugins/com.st.stm32cube.ide.mcu.externaltools.gnu-tools-for-stm32.11.3.rel1.linux64_1.1.1.202309131626/tools/bin/../lib/gcc/arm-none-eabi/11.3.1/../../../../arm-none-eabi/lib/thumb/v7-m/nofp/libc_nano.a(libc_a-memset.o)
                0x000000000800b034                memset
 .text.__libc_init_array
                0x000000000800b044       0x48 /opt/st/stm32cubeide_1.13.2/plugins/com.st.stm32cube.ide.mcu.externaltools.gnu-tools-for-stm32.11.3.rel1.linux64_1.1.1.202309131626/tools/bin/../lib/gcc/arm-none-eabi/11.3.1/../../../../arm-none-eabi/lib/thumb/v7-m/nofp/libc_nano.a(libc_a-init.o)
                0x000000000800b044                __libc_init_array
 .text.memcpy   0x000000000800b08c       0x1c /opt/st/stm32cubeide_1.13.2/plugins/com.st.stm32cube.ide.mcu.externaltools.gnu-tools-for-stm32.11.3.rel1.linux64_1.1.1.202309131626/tools/bin/../lib/gcc/arm-none-eabi/11.3.1/../../../../arm-none-eabi/lib/thumb/v7-m/nofp/libc_nano.a(libc_a-memcpy-stub.o)
                0x000000000800b08c                memcpy
 .text.roundf   0x000000000800b0a8       0x48 /opt/st/stm32cubeide_1.13.2/plugins/com.st.stm32cube.ide.mcu.externaltools.gnu-tools-for-stm32.11.3.rel1.linux64_1.1.1.202309131626/tools/bin/../lib/gcc/arm-none-eabi/11.3.1/../../../../arm-none-eabi/lib/thumb/v7-m/nofp/libm.a(libm_a-sf_round.o)
                0x000000000800b0a8                roundf
 *(.glue_7)
 .glue_7        0x000000000800b0f0        0x0 linker stubs
 *(.glue_7t)
 .glue_7t       0x000000000800b0f0        0x0 linker stubs
 *(.eh_frame)
 .eh_frame      0x000000000800b0f0        0x0 /opt/st/stm32cubeide_1.13.2/plugins/com.st.stm32cube.ide.mcu.externaltools.gnu-tools-for-stm32.11.3.rel1.linux64_1.1.1.202309131626/tools/bin/../lib/gcc/arm-none-eabi/11.3.1/thumb/v7-m/nofp/crtbegin.o
 *(.init)
 .init          0x000000000800b0f0        0x4 /opt/st/stm32cubeide_1.13.2/plugins/com.st.stm32cube.ide.mcu.externaltools.gnu-tools-for-stm32.11.3.rel1.linux64_1.1.1.202309131626/tools/bin/../lib/gcc/arm-none-eabi/11.3.1/thumb/v7-m/nofp/crti.o
                0x000000000800b0f0                _init
 .init          0x000000000800b0f4        0x8 /opt/st/stm32cubeide_1.13.2/plugins/com.st.stm32cube.ide.mcu.externaltools.gnu-tools-for-stm32.11.3.rel1.linux64_1.1.1.202309131626/tools/bin/../lib/gcc/arm-none-eabi/11.3.1/thumb/v7-m/nofp/crtn.o
 *(.fini)
 .fini          0x000000000800b0fc        0x4 /opt/st/stm32cubeide_1.13.2/plugins/com.st.stm32cube.ide.mcu.externaltools.gnu-tools-for-stm32.11.3.rel1.linux64_1.1.1.202309131626/tools/bin/../lib/gcc/arm-none-eabi/11.3.1/thumb/v7-m/nofp/crti.o
                0x000000000800b0fc                _fini
 .fini          0x000000000800b100        0x8 /opt/st/stm32cubeide_1.13.2/plugins/com.st.stm32cube.ide.mcu.externaltools.gnu-tools-for-stm32.11.3.rel1.linux64_1.1.1.202309131626/tools/bin/../lib/gcc/arm-none-eabi/11.3.1/thumb/v7-m/nofp/crtn.o
                0x000000000800b108                . = ALIGN (0x4)
                0x000000000800b108                _etext = .

.vfp11_veneer   0x000000000800b108        0x0
 .vfp11_veneer  0x000000000800b108        0x0 linker stubs

.v4_bx          0x000000000800b108        0x0
 .v4_bx         0x000000000800b108        0x0 linker stubs

.iplt           0x000000000800b108        0x0
 .iplt          0x000000000800b108        0x0 /opt/st/stm32cubeide_1.13.2/plugins/com.st.stm32cube.ide.mcu.externaltools.gnu-tools-for-stm32.11.3.rel1.linux64_1.1.1.202309131626/tools/bin/../lib/gcc/arm-none-eabi/11.3.1/thumb/v7-m/nofp/crtbegin.o

.rodata         0x000000000800b108       0xe8
                0x000000000800b108                . = ALIGN (0x4)
 *(.rodata)
 .rodata        0x000000000800b108       0x2f ./app/usb_descriptor.o
 *(.rodata*)
 *fill*         0x000000000800b137        0x1 
 .rodata.AHBPrescTable
                0x000000000800b138       0x10 ./Core/Src/system_stm32f1xx.o
                0x000000000800b138                AHBPrescTable
 .rodata.aPLLMULFactorTable.1
                0x000000000800b148       0x10 ./Drivers/STM32F1xx_HAL_Driver/Src/stm32f1xx_hal_rcc.o
 .rodata.aPredivFactorTable.0
                0x000000000800b158        0x2 ./Drivers/STM32F1xx_HAL_Driver/Src/stm32f1xx_hal_rcc.o
 *fill*         0x000000000800b15a        0x2 
 .rodata.desc_device
                0x000000000800b15c       0x12 ./app/usb_descriptor.o
                0x000000000800b15c                desc_device
 *fill*         0x000000000800b16e        0x2 
 .rodata.desc_hid_report
                0x000000000800b170       0x32 ./app/usb_descriptor.o
                0x000000000800b170                desc_hid_report
 *fill*         0x000000000800b1a2        0x2 
 .rodata.desc_configuration
                0x000000000800b1a4       0x22 ./app/usb_descriptor.o
                0x000000000800b1a4                desc_configuration
 *fill*         0x000000000800b1c6        0x2 
 .rodata.__compound_literal.0
                0x000000000800b1c8        0x2 ./app/usb_descriptor.o
 *fill*         0x000000000800b1ca        0x2 
 .rodata._usbd_driver
                0x000000000800b1cc       0x20 ./libs/tinyusb/src/device/usbd.o
 .rodata.fsdev_irq
                0x000000000800b1ec        0x3 ./libs/tinyusb/src/portable/st/stm32_fsdev/dcd_stm32_fsdev.o
                0x000000000800b1f0                . = ALIGN (0x4)
 *fill*         0x000000000800b1ef        0x1 

.rel.dyn        0x000000000800b1f0        0x0
 .rel.iplt      0x000000000800b1f0        0x0 /opt/st/stm32cubeide_1.13.2/plugins/com.st.stm32cube.ide.mcu.externaltools.gnu-tools-for-stm32.11.3.rel1.linux64_1.1.1.202309131626/tools/bin/../lib/gcc/arm-none-eabi/11.3.1/thumb/v7-m/nofp/crtbegin.o

.ARM.extab      0x000000000800b1f0        0x0
                0x000000000800b1f0                . = ALIGN (0x4)
 *(.ARM.extab* .gnu.linkonce.armextab.*)
                0x000000000800b1f0                . = ALIGN (0x4)

.ARM            0x000000000800b1f0        0x0
                0x000000000800b1f0                . = ALIGN (0x4)
                0x000000000800b1f0                __exidx_start = .
 *(.ARM.exidx*)
                0x000000000800b1f0                __exidx_end = .
                0x000000000800b1f0                . = ALIGN (0x4)

.preinit_array  0x000000000800b1f0        0x0
                0x000000000800b1f0                . = ALIGN (0x4)
                0x000000000800b1f0                PROVIDE (__preinit_array_start = .)
 *(.preinit_array*)
                0x000000000800b1f0                PROVIDE (__preinit_array_end = .)
                0x000000000800b1f0                . = ALIGN (0x4)

.init_array     0x000000000800b1f0        0x4
                0x000000000800b1f0                . = ALIGN (0x4)
                0x000000000800b1f0                PROVIDE (__init_array_start = .)
 *(SORT_BY_NAME(.init_array.*))
 *(.init_array*)
 .init_array    0x000000000800b1f0        0x4 /opt/st/stm32cubeide_1.13.2/plugins/com.st.stm32cube.ide.mcu.externaltools.gnu-tools-for-stm32.11.3.rel1.linux64_1.1.1.202309131626/tools/bin/../lib/gcc/arm-none-eabi/11.3.1/thumb/v7-m/nofp/crtbegin.o
                0x000000000800b1f4                PROVIDE (__init_array_end = .)
                0x000000000800b1f4                . = ALIGN (0x4)

.fini_array     0x000000000800b1f4        0x4
                0x000000000800b1f4                . = ALIGN (0x4)
                [!provide]                        PROVIDE (__fini_array_start = .)
 *(SORT_BY_NAME(.fini_array.*))
 *(.fini_array*)
 .fini_array    0x000000000800b1f4        0x4 /opt/st/stm32cubeide_1.13.2/plugins/com.st.stm32cube.ide.mcu.externaltools.gnu-tools-for-stm32.11.3.rel1.linux64_1.1.1.202309131626/tools/bin/../lib/gcc/arm-none-eabi/11.3.1/thumb/v7-m/nofp/crtbegin.o
                [!provide]                        PROVIDE (__fini_array_end = .)
                0x000000000800b1f8                . = ALIGN (0x4)
                0x000000000800b1f8                _sidata = LOADADDR (.data)

.data           0x0000000020000000       0x6c load address 0x000000000800b1f8
                0x0000000020000000                . = ALIGN (0x4)
                0x0000000020000000                _sdata = .
 *(.data)
 *(.data*)
 .data.CALIBRATION_DATA_G
                0x0000000020000000       0x38 ./Core/Src/main.o
                0x0000000020000000                CALIBRATION_DATA_G
 .data.SystemCoreClock
                0x0000000020000038        0x4 ./Core/Src/system_stm32f1xx.o
                0x0000000020000038                SystemCoreClock
 .data.uwTickPrio
                0x000000002000003c        0x4 ./Drivers/STM32F1xx_HAL_Driver/Src/stm32f1xx_hal.o
                0x000000002000003c                uwTickPrio
 .data.uwTickFreq
                0x0000000020000040        0x1 ./Drivers/STM32F1xx_HAL_Driver/Src/stm32f1xx_hal.o
                0x0000000020000040                uwTickFreq
 *fill*         0x0000000020000041        0x3 
 .data.string_desc_arr
                0x0000000020000044       0x10 ./app/usb_descriptor.o
                0x0000000020000044                string_desc_arr
 .data._usbd_rhport
                0x0000000020000054        0x1 ./libs/tinyusb/src/device/usbd.o
 *fill*         0x0000000020000055        0x3 
 .data._usbd_spin
                0x0000000020000058        0x4 ./libs/tinyusb/src/device/usbd.o
 .data._usbd_qdef
                0x000000002000005c       0x10 ./libs/tinyusb/src/device/usbd.o
                0x000000002000005c                _usbd_qdef
 *(.RamFunc)
 *(.RamFunc*)
                0x000000002000006c                . = ALIGN (0x4)
                0x000000002000006c                _edata = .

.igot.plt       0x000000002000006c        0x0 load address 0x000000000800b264
 .igot.plt      0x000000002000006c        0x0 /opt/st/stm32cubeide_1.13.2/plugins/com.st.stm32cube.ide.mcu.externaltools.gnu-tools-for-stm32.11.3.rel1.linux64_1.1.1.202309131626/tools/bin/../lib/gcc/arm-none-eabi/11.3.1/thumb/v7-m/nofp/crtbegin.o
                0x000000002000006c                . = ALIGN (0x4)

.bss            0x000000002000006c      0x748 load address 0x000000000800b264
                0x000000002000006c                _sbss = .
                0x000000002000006c                __bss_start__ = _sbss
 *(.bss)
 .bss           0x000000002000006c       0x1c /opt/st/stm32cubeide_1.13.2/plugins/com.st.stm32cube.ide.mcu.externaltools.gnu-tools-for-stm32.11.3.rel1.linux64_1.1.1.202309131626/tools/bin/../lib/gcc/arm-none-eabi/11.3.1/thumb/v7-m/nofp/crtbegin.o
 *(.bss*)
 .bss.adc_filter
                0x0000000020000088       0x1c ./Core/Src/main.o
                0x0000000020000088                adc_filter
 .bss.adc1_drv  0x00000000200000a4       0x10 ./Core/Src/main.o
                0x00000000200000a4                adc1_drv
 .bss.adc_raw   0x00000000200000b4        0x4 ./Core/Src/main.o
                0x00000000200000b4                adc_raw
 .bss.adc_filtered
                0x00000000200000b8        0x4 ./Core/Src/main.o
                0x00000000200000b8                adc_filtered
 .bss.axis_storage
                0x00000000200000bc        0x4 ./Core/Src/main.o
                0x00000000200000bc                axis_storage
 .bss.mouse_report
                0x00000000200000c0        0x6 ./Core/Src/main.o
                0x00000000200000c0                mouse_report
 *fill*         0x00000000200000c6        0x2 
 .bss.hadc1     0x00000000200000c8       0x30 ./Core/Src/main.o
                0x00000000200000c8                hadc1
 .bss.hdma_adc1
                0x00000000200000f8       0x44 ./Core/Src/main.o
                0x00000000200000f8                hdma_adc1
 .bss.hpcd_USB_FS
                0x000000002000013c      0x2d8 ./Core/Src/main.o
                0x000000002000013c                hpcd_USB_FS
 .bss.button.0  0x0000000020000414        0x1 ./Core/Src/main.o
 *fill*         0x0000000020000415        0x3 
 .bss.uwTick    0x0000000020000418        0x4 ./Drivers/STM32F1xx_HAL_Driver/Src/stm32f1xx_hal.o
                0x0000000020000418                uwTick
 .bss._desc_str
                0x000000002000041c       0x40 ./app/usb_descriptor.o
 .bss.registerd_drv_g
                0x000000002000045c        0xc ./drvs/adc_drv.o
 .bss._hidd_itf
                0x0000000020000468        0xc ./libs/tinyusb/src/class/hid/hid_device.o
 .bss._hidd_epbuf
                0x0000000020000474       0xc0 ./libs/tinyusb/src/class/hid/hid_device.o
 .bss._usbd_dev
                0x0000000020000534       0x34 ./libs/tinyusb/src/device/usbd.o
 .bss._usbd_queued_setup
                0x0000000020000568        0x1 ./libs/tinyusb/src/device/usbd.o
 *fill*         0x0000000020000569        0x3 
 .bss._app_driver
                0x000000002000056c        0x4 ./libs/tinyusb/src/device/usbd.o
 .bss._app_driver_count
                0x0000000020000570        0x1 ./libs/tinyusb/src/device/usbd.o
 *fill*         0x0000000020000571        0x3 
 .bss._usbd_qdef_buf
                0x0000000020000574       0xc0 ./libs/tinyusb/src/device/usbd.o
                0x0000000020000574                _usbd_qdef_buf
 .bss._usbd_q   0x0000000020000634        0x4 ./libs/tinyusb/src/device/usbd.o
 .bss._ctrl_xfer
                0x0000000020000638       0x14 ./libs/tinyusb/src/device/usbd_control.o
 .bss._ctrl_epbuf
                0x000000002000064c       0x40 ./libs/tinyusb/src/device/usbd_control.o
 .bss.xfer_status
                0x000000002000068c      0x100 ./libs/tinyusb/src/portable/st/stm32_fsdev/dcd_stm32_fsdev.o
 .bss.ep_alloc_status
                0x000000002000078c       0x20 ./libs/tinyusb/src/portable/st/stm32_fsdev/dcd_stm32_fsdev.o
 .bss.remoteWakeCountdown
                0x00000000200007ac        0x1 ./libs/tinyusb/src/portable/st/stm32_fsdev/dcd_stm32_fsdev.o
 *fill*         0x00000000200007ad        0x1 
 .bss.ep_buf_ptr
                0x00000000200007ae        0x2 ./libs/tinyusb/src/portable/st/stm32_fsdev/dcd_stm32_fsdev.o
 .bss._tusb_rhport_role
                0x00000000200007b0        0x2 ./libs/tinyusb/src/tusb.o
                0x00000000200007b0                _tusb_rhport_role
 *(COMMON)
                0x00000000200007b4                . = ALIGN (0x4)
 *fill*         0x00000000200007b2        0x2 
                0x00000000200007b4                _ebss = .
                0x00000000200007b4                __bss_end__ = _ebss

._user_heap_stack
                0x00000000200007b4      0x604 load address 0x000000000800b264
                0x00000000200007b8                . = ALIGN (0x8)
 *fill*         0x00000000200007b4        0x4 
                [!provide]                        PROVIDE (end = .)
                0x00000000200007b8                PROVIDE (_end = .)
                0x00000000200009b8                . = (. + _Min_Heap_Size)
 *fill*         0x00000000200007b8      0x200 
                0x0000000020000db8                . = (. + _Min_Stack_Size)
 *fill*         0x00000000200009b8      0x400 
                0x0000000020000db8                . = ALIGN (0x8)

/DISCARD/
 libc.a(*)
 libm.a(*)
 libgcc.a(*)

.ARM.attributes
                0x0000000000000000       0x29
 *(.ARM.attributes)
 .ARM.attributes
                0x0000000000000000       0x1d /opt/st/stm32cubeide_1.13.2/plugins/com.st.stm32cube.ide.mcu.externaltools.gnu-tools-for-stm32.11.3.rel1.linux64_1.1.1.202309131626/tools/bin/../lib/gcc/arm-none-eabi/11.3.1/thumb/v7-m/nofp/crti.o
 .ARM.attributes
                0x000000000000001d       0x2d /opt/st/stm32cubeide_1.13.2/plugins/com.st.stm32cube.ide.mcu.externaltools.gnu-tools-for-stm32.11.3.rel1.linux64_1.1.1.202309131626/tools/bin/../lib/gcc/arm-none-eabi/11.3.1/thumb/v7-m/nofp/crtbegin.o
 .ARM.attributes
                0x000000000000004a       0x2d ./Core/Src/main.o
 .ARM.attributes
                0x0000000000000077       0x2d ./Core/Src/stm32f1xx_hal_msp.o
 .ARM.attributes
                0x00000000000000a4       0x2d ./Core/Src/stm32f1xx_it.o
 .ARM.attributes
                0x00000000000000d1       0x2d ./Core/Src/system_stm32f1xx.o
 .ARM.attributes
                0x00000000000000fe       0x21 ./Core/Startup/startup_stm32f103c8tx.o
 .ARM.attributes
                0x000000000000011f       0x2d ./Drivers/STM32F1xx_HAL_Driver/Src/stm32f1xx_hal.o
 .ARM.attributes
                0x000000000000014c       0x2d ./Drivers/STM32F1xx_HAL_Driver/Src/stm32f1xx_hal_adc.o
 .ARM.attributes
                0x0000000000000179       0x2d ./Drivers/STM32F1xx_HAL_Driver/Src/stm32f1xx_hal_cortex.o
 .ARM.attributes
                0x00000000000001a6       0x2d ./Drivers/STM32F1xx_HAL_Driver/Src/stm32f1xx_hal_dma.o
 .ARM.attributes
                0x00000000000001d3       0x2d ./Drivers/STM32F1xx_HAL_Driver/Src/stm32f1xx_hal_gpio.o
 .ARM.attributes
                0x0000000000000200       0x2d ./Drivers/STM32F1xx_HAL_Driver/Src/stm32f1xx_hal_pcd.o
 .ARM.attributes
                0x000000000000022d       0x2d ./Drivers/STM32F1xx_HAL_Driver/Src/stm32f1xx_hal_rcc.o
 .ARM.attributes
                0x000000000000025a       0x2d ./Drivers/STM32F1xx_HAL_Driver/Src/stm32f1xx_hal_rcc_ex.o
 .ARM.attributes
                0x0000000000000287       0x2d ./Drivers/STM32F1xx_HAL_Driver/Src/stm32f1xx_ll_usb.o
 .ARM.attributes
                0x00000000000002b4       0x2d ./app/adc_task.o
 .ARM.attributes
                0x00000000000002e1       0x2d ./app/usb_descriptor.o
 .ARM.attributes
                0x000000000000030e       0x2d ./drvs/adc_drv.o
 .ARM.attributes
                0x000000000000033b       0x2d ./libs/tinyusb/src/class/hid/hid_device.o
 .ARM.attributes
                0x0000000000000368       0x2d ./libs/tinyusb/src/common/tusb_fifo.o
 .ARM.attributes
                0x0000000000000395       0x2d ./libs/tinyusb/src/device/usbd.o
 .ARM.attributes
                0x00000000000003c2       0x2d ./libs/tinyusb/src/device/usbd_control.o
 .ARM.attributes
                0x00000000000003ef       0x2d ./libs/tinyusb/src/portable/st/stm32_fsdev/dcd_stm32_fsdev.o
 .ARM.attributes
                0x000000000000041c       0x2d ./libs/tinyusb/src/tusb.o
 .ARM.attributes
                0x0000000000000449       0x2d ./utils/adc_corrector.o
 .ARM.attributes
                0x0000000000000476       0x2d ./utils/ema_filter.o
 .ARM.attributes
                0x00000000000004a3       0x2d ./utils/hysteresis_filter.o
 .ARM.attributes
                0x00000000000004d0       0x2d /opt/st/stm32cubeide_1.13.2/plugins/com.st.stm32cube.ide.mcu.externaltools.gnu-tools-for-stm32.11.3.rel1.linux64_1.1.1.202309131626/tools/bin/../lib/gcc/arm-none-eabi/11.3.1/../../../../arm-none-eabi/lib/thumb/v7-m/nofp/libc_nano.a(libc_a-memset.o)
 .ARM.attributes
                0x00000000000004fd       0x2d /opt/st/stm32cubeide_1.13.2/plugins/com.st.stm32cube.ide.mcu.externaltools.gnu-tools-for-stm32.11.3.rel1.linux64_1.1.1.202309131626/tools/bin/../lib/gcc/arm-none-eabi/11.3.1/../../../../arm-none-eabi/lib/thumb/v7-m/nofp/libc_nano.a(libc_a-init.o)
 .ARM.attributes
                0x000000000000052a       0x2d /opt/st/stm32cubeide_1.13.2/plugins/com.st.stm32cube.ide.mcu.externaltools.gnu-tools-for-stm32.11.3.rel1.linux64_1.1.1.202309131626/tools/bin/../lib/gcc/arm-none-eabi/11.3.1/../../../../arm-none-eabi/lib/thumb/v7-m/nofp/libc_nano.a(libc_a-memcpy-stub.o)
 .ARM.attributes
                0x0000000000000557       0x17 /opt/st/stm32cubeide_1.13.2/plugins/com.st.stm32cube.ide.mcu.externaltools.gnu-tools-for-stm32.11.3.rel1.linux64_1.1.1.202309131626/tools/bin/../lib/gcc/arm-none-eabi/11.3.1/../../../../arm-none-eabi/lib/thumb/v7-m/nofp/libc_nano.a(libc_a-strlen.o)
 .ARM.attributes
                0x000000000000056e       0x2d /opt/st/stm32cubeide_1.13.2/plugins/com.st.stm32cube.ide.mcu.externaltools.gnu-tools-for-stm32.11.3.rel1.linux64_1.1.1.202309131626/tools/bin/../lib/gcc/arm-none-eabi/11.3.1/../../../../arm-none-eabi/lib/thumb/v7-m/nofp/libm.a(libm_a-sf_round.o)
 .ARM.attributes
                0x000000000000059b       0x1d /opt/st/stm32cubeide_1.13.2/plugins/com.st.stm32cube.ide.mcu.externaltools.gnu-tools-for-stm32.11.3.rel1.linux64_1.1.1.202309131626/tools/bin/../lib/gcc/arm-none-eabi/11.3.1/thumb/v7-m/nofp/libgcc.a(_arm_addsubsf3.o)
 .ARM.attributes
                0x00000000000005b8       0x1d /opt/st/stm32cubeide_1.13.2/plugins/com.st.stm32cube.ide.mcu.externaltools.gnu-tools-for-stm32.11.3.rel1.linux64_1.1.1.202309131626/tools/bin/../lib/gcc/arm-none-eabi/11.3.1/thumb/v7-m/nofp/libgcc.a(_arm_muldivsf3.o)
 .ARM.attributes
                0x00000000000005d5       0x1d /opt/st/stm32cubeide_1.13.2/plugins/com.st.stm32cube.ide.mcu.externaltools.gnu-tools-for-stm32.11.3.rel1.linux64_1.1.1.202309131626/tools/bin/../lib/gcc/arm-none-eabi/11.3.1/thumb/v7-m/nofp/libgcc.a(_arm_fixsfsi.o)
 .ARM.attributes
                0x00000000000005f2       0x1d /opt/st/stm32cubeide_1.13.2/plugins/com.st.stm32cube.ide.mcu.externaltools.gnu-tools-for-stm32.11.3.rel1.linux64_1.1.1.202309131626/tools/bin/../lib/gcc/arm-none-eabi/11.3.1/thumb/v7-m/nofp/crtn.o
OUTPUT(F1_HID_JS_MOUSE.elf elf32-littlearm)
LOAD linker stubs
LOAD /opt/st/stm32cubeide_1.13.2/plugins/com.st.stm32cube.ide.mcu.externaltools.gnu-tools-for-stm32.11.3.rel1.linux64_1.1.1.202309131626/tools/bin/../lib/gcc/arm-none-eabi/11.3.1/../../../../arm-none-eabi/lib/thumb/v7-m/nofp/libc.a
LOAD /opt/st/stm32cubeide_1.13.2/plugins/com.st.stm32cube.ide.mcu.externaltools.gnu-tools-for-stm32.11.3.rel1.linux64_1.1.1.202309131626/tools/bin/../lib/gcc/arm-none-eabi/11.3.1/../../../../arm-none-eabi/lib/thumb/v7-m/nofp/libm.a
LOAD /opt/st/stm32cubeide_1.13.2/plugins/com.st.stm32cube.ide.mcu.externaltools.gnu-tools-for-stm32.11.3.rel1.linux64_1.1.1.202309131626/tools/bin/../lib/gcc/arm-none-eabi/11.3.1/thumb/v7-m/nofp/libgcc.a

.comment        0x0000000000000000       0x43
 .comment       0x0000000000000000       0x43 /opt/st/stm32cubeide_1.13.2/plugins/com.st.stm32cube.ide.mcu.externaltools.gnu-tools-for-stm32.11.3.rel1.linux64_1.1.1.202309131626/tools/bin/../lib/gcc/arm-none-eabi/11.3.1/thumb/v7-m/nofp/crtbegin.o
                                         0x44 (size before relaxing)
 .comment       0x0000000000000043       0x44 ./Core/Src/main.o
 .comment       0x0000000000000043       0x44 ./Core/Src/stm32f1xx_hal_msp.o
 .comment       0x0000000000000043       0x44 ./Core/Src/stm32f1xx_it.o
 .comment       0x0000000000000043       0x44 ./Core/Src/system_stm32f1xx.o
 .comment       0x0000000000000043       0x44 ./Drivers/STM32F1xx_HAL_Driver/Src/stm32f1xx_hal.o
 .comment       0x0000000000000043       0x44 ./Drivers/STM32F1xx_HAL_Driver/Src/stm32f1xx_hal_adc.o
 .comment       0x0000000000000043       0x44 ./Drivers/STM32F1xx_HAL_Driver/Src/stm32f1xx_hal_cortex.o
 .comment       0x0000000000000043       0x44 ./Drivers/STM32F1xx_HAL_Driver/Src/stm32f1xx_hal_dma.o
 .comment       0x0000000000000043       0x44 ./Drivers/STM32F1xx_HAL_Driver/Src/stm32f1xx_hal_gpio.o
 .comment       0x0000000000000043       0x44 ./Drivers/STM32F1xx_HAL_Driver/Src/stm32f1xx_hal_pcd.o
 .comment       0x0000000000000043       0x44 ./Drivers/STM32F1xx_HAL_Driver/Src/stm32f1xx_hal_rcc.o
 .comment       0x0000000000000043       0x44 ./Drivers/STM32F1xx_HAL_Driver/Src/stm32f1xx_hal_rcc_ex.o
 .comment       0x0000000000000043       0x44 ./Drivers/STM32F1xx_HAL_Driver/Src/stm32f1xx_ll_usb.o
 .comment       0x0000000000000043       0x44 ./app/adc_task.o
 .comment       0x0000000000000043       0x44 ./app/usb_descriptor.o
 .comment       0x0000000000000043       0x44 ./drvs/adc_drv.o
 .comment       0x0000000000000043       0x44 ./libs/tinyusb/src/class/hid/hid_device.o
 .comment       0x0000000000000043       0x44 ./libs/tinyusb/src/common/tusb_fifo.o
 .comment       0x0000000000000043       0x44 ./libs/tinyusb/src/device/usbd.o
 .comment       0x0000000000000043       0x44 ./libs/tinyusb/src/device/usbd_control.o
 .comment       0x0000000000000043       0x44 ./libs/tinyusb/src/portable/st/stm32_fsdev/dcd_stm32_fsdev.o
 .comment       0x0000000000000043       0x44 ./libs/tinyusb/src/tusb.o
 .comment       0x0000000000000043       0x44 ./utils/adc_corrector.o
 .comment       0x0000000000000043       0x44 ./utils/ema_filter.o
 .comment       0x0000000000000043       0x44 ./utils/hysteresis_filter.o

.debug_info     0x0000000000000000    0x15a57
 .debug_info    0x0000000000000000     0x1934 ./Core/Src/main.o
 .debug_info    0x0000000000001934      0xe8b ./Core/Src/stm32f1xx_hal_msp.o
 .debug_info    0x00000000000027bf      0x836 ./Core/Src/stm32f1xx_it.o
 .debug_info    0x0000000000002ff5      0x222 ./Core/Src/system_stm32f1xx.o
 .debug_info    0x0000000000003217       0x23 ./Core/Startup/startup_stm32f103c8tx.o
 .debug_info    0x000000000000323a      0x704 ./Drivers/STM32F1xx_HAL_Driver/Src/stm32f1xx_hal.o
 .debug_info    0x000000000000393e      0xc50 ./Drivers/STM32F1xx_HAL_Driver/Src/stm32f1xx_hal_adc.o
 .debug_info    0x000000000000458e      0xa87 ./Drivers/STM32F1xx_HAL_Driver/Src/stm32f1xx_hal_cortex.o
 .debug_info    0x0000000000005015      0x6d2 ./Drivers/STM32F1xx_HAL_Driver/Src/stm32f1xx_hal_dma.o
 .debug_info    0x00000000000056e7      0x5ab ./Drivers/STM32F1xx_HAL_Driver/Src/stm32f1xx_hal_gpio.o
 .debug_info    0x0000000000005c92     0x16dc ./Drivers/STM32F1xx_HAL_Driver/Src/stm32f1xx_hal_pcd.o
 .debug_info    0x000000000000736e      0x7d5 ./Drivers/STM32F1xx_HAL_Driver/Src/stm32f1xx_hal_rcc.o
 .debug_info    0x0000000000007b43      0x3c0 ./Drivers/STM32F1xx_HAL_Driver/Src/stm32f1xx_hal_rcc_ex.o
 .debug_info    0x0000000000007f03     0x17ae ./Drivers/STM32F1xx_HAL_Driver/Src/stm32f1xx_ll_usb.o
 .debug_info    0x00000000000096b1      0x338 ./app/adc_task.o
 .debug_info    0x00000000000099e9      0x98b ./app/usb_descriptor.o
 .debug_info    0x000000000000a374      0x85f ./drvs/adc_drv.o
 .debug_info    0x000000000000abd3     0x1573 ./libs/tinyusb/src/class/hid/hid_device.o
 .debug_info    0x000000000000c146     0x1041 ./libs/tinyusb/src/common/tusb_fifo.o
 .debug_info    0x000000000000d187     0x2f2d ./libs/tinyusb/src/device/usbd.o
 .debug_info    0x00000000000100b4      0x751 ./libs/tinyusb/src/device/usbd_control.o
 .debug_info    0x0000000000010805     0x37d4 ./libs/tinyusb/src/portable/st/stm32_fsdev/dcd_stm32_fsdev.o
 .debug_info    0x0000000000013fd9     0x1536 ./libs/tinyusb/src/tusb.o
 .debug_info    0x000000000001550f      0x280 ./utils/adc_corrector.o
 .debug_info    0x000000000001578f      0x16e ./utils/ema_filter.o
 .debug_info    0x00000000000158fd      0x15a ./utils/hysteresis_filter.o

.debug_abbrev   0x0000000000000000     0x3e56
 .debug_abbrev  0x0000000000000000      0x3a5 ./Core/Src/main.o
 .debug_abbrev  0x00000000000003a5      0x223 ./Core/Src/stm32f1xx_hal_msp.o
 .debug_abbrev  0x00000000000005c8      0x1c9 ./Core/Src/stm32f1xx_it.o
 .debug_abbrev  0x0000000000000791      0x13f ./Core/Src/system_stm32f1xx.o
 .debug_abbrev  0x00000000000008d0       0x12 ./Core/Startup/startup_stm32f103c8tx.o
 .debug_abbrev  0x00000000000008e2      0x201 ./Drivers/STM32F1xx_HAL_Driver/Src/stm32f1xx_hal.o
 .debug_abbrev  0x0000000000000ae3      0x225 ./Drivers/STM32F1xx_HAL_Driver/Src/stm32f1xx_hal_adc.o
 .debug_abbrev  0x0000000000000d08      0x2f8 ./Drivers/STM32F1xx_HAL_Driver/Src/stm32f1xx_hal_cortex.o
 .debug_abbrev  0x0000000000001000      0x20b ./Drivers/STM32F1xx_HAL_Driver/Src/stm32f1xx_hal_dma.o
 .debug_abbrev  0x000000000000120b      0x1ca ./Drivers/STM32F1xx_HAL_Driver/Src/stm32f1xx_hal_gpio.o
 .debug_abbrev  0x00000000000013d5      0x2d6 ./Drivers/STM32F1xx_HAL_Driver/Src/stm32f1xx_hal_pcd.o
 .debug_abbrev  0x00000000000016ab      0x2b3 ./Drivers/STM32F1xx_HAL_Driver/Src/stm32f1xx_hal_rcc.o
 .debug_abbrev  0x000000000000195e      0x188 ./Drivers/STM32F1xx_HAL_Driver/Src/stm32f1xx_hal_rcc_ex.o
 .debug_abbrev  0x0000000000001ae6      0x1de ./Drivers/STM32F1xx_HAL_Driver/Src/stm32f1xx_ll_usb.o
 .debug_abbrev  0x0000000000001cc4      0x183 ./app/adc_task.o
 .debug_abbrev  0x0000000000001e47      0x1ae ./app/usb_descriptor.o
 .debug_abbrev  0x0000000000001ff5      0x255 ./drvs/adc_drv.o
 .debug_abbrev  0x000000000000224a      0x47d ./libs/tinyusb/src/class/hid/hid_device.o
 .debug_abbrev  0x00000000000026c7      0x2f1 ./libs/tinyusb/src/common/tusb_fifo.o
 .debug_abbrev  0x00000000000029b8      0x563 ./libs/tinyusb/src/device/usbd.o
 .debug_abbrev  0x0000000000002f1b      0x309 ./libs/tinyusb/src/device/usbd_control.o
 .debug_abbrev  0x0000000000003224      0x5aa ./libs/tinyusb/src/portable/st/stm32_fsdev/dcd_stm32_fsdev.o
 .debug_abbrev  0x00000000000037ce      0x3ce ./libs/tinyusb/src/tusb.o
 .debug_abbrev  0x0000000000003b9c      0x117 ./utils/adc_corrector.o
 .debug_abbrev  0x0000000000003cb3       0xe3 ./utils/ema_filter.o
 .debug_abbrev  0x0000000000003d96       0xc0 ./utils/hysteresis_filter.o

.debug_aranges  0x0000000000000000      0xef0
 .debug_aranges
                0x0000000000000000       0x70 ./Core/Src/main.o
 .debug_aranges
                0x0000000000000070       0x40 ./Core/Src/stm32f1xx_hal_msp.o
 .debug_aranges
                0x00000000000000b0       0x70 ./Core/Src/stm32f1xx_it.o
 .debug_aranges
                0x0000000000000120       0x28 ./Core/Src/system_stm32f1xx.o
 .debug_aranges
                0x0000000000000148       0x28 ./Core/Startup/startup_stm32f103c8tx.o
 .debug_aranges
                0x0000000000000170       0xe0 ./Drivers/STM32F1xx_HAL_Driver/Src/stm32f1xx_hal.o
 .debug_aranges
                0x0000000000000250       0xf0 ./Drivers/STM32F1xx_HAL_Driver/Src/stm32f1xx_hal_adc.o
 .debug_aranges
                0x0000000000000340      0x100 ./Drivers/STM32F1xx_HAL_Driver/Src/stm32f1xx_hal_cortex.o
 .debug_aranges
                0x0000000000000440       0x80 ./Drivers/STM32F1xx_HAL_Driver/Src/stm32f1xx_hal_dma.o
 .debug_aranges
                0x00000000000004c0       0x58 ./Drivers/STM32F1xx_HAL_Driver/Src/stm32f1xx_hal_gpio.o
 .debug_aranges
                0x0000000000000518      0x140 ./Drivers/STM32F1xx_HAL_Driver/Src/stm32f1xx_hal_pcd.o
 .debug_aranges
                0x0000000000000658       0x90 ./Drivers/STM32F1xx_HAL_Driver/Src/stm32f1xx_hal_rcc.o
 .debug_aranges
                0x00000000000006e8       0x30 ./Drivers/STM32F1xx_HAL_Driver/Src/stm32f1xx_hal_rcc_ex.o
 .debug_aranges
                0x0000000000000718       0xf8 ./Drivers/STM32F1xx_HAL_Driver/Src/stm32f1xx_ll_usb.o
 .debug_aranges
                0x0000000000000810       0x28 ./app/adc_task.o
 .debug_aranges
                0x0000000000000838       0x48 ./app/usb_descriptor.o
 .debug_aranges
                0x0000000000000880       0x58 ./drvs/adc_drv.o
 .debug_aranges
                0x00000000000008d8       0xb0 ./libs/tinyusb/src/class/hid/hid_device.o
 .debug_aranges
                0x0000000000000988       0xf8 ./libs/tinyusb/src/common/tusb_fifo.o
 .debug_aranges
                0x0000000000000a80      0x1c8 ./libs/tinyusb/src/device/usbd.o
 .debug_aranges
                0x0000000000000c48       0x60 ./libs/tinyusb/src/device/usbd_control.o
 .debug_aranges
                0x0000000000000ca8      0x110 ./libs/tinyusb/src/portable/st/stm32_fsdev/dcd_stm32_fsdev.o
 .debug_aranges
                0x0000000000000db8       0xb8 ./libs/tinyusb/src/tusb.o
 .debug_aranges
                0x0000000000000e70       0x30 ./utils/adc_corrector.o
 .debug_aranges
                0x0000000000000ea0       0x28 ./utils/ema_filter.o
 .debug_aranges
                0x0000000000000ec8       0x28 ./utils/hysteresis_filter.o

.debug_rnglists
                0x0000000000000000      0xba9
 .debug_rnglists
                0x0000000000000000       0x54 ./Core/Src/main.o
 .debug_rnglists
                0x0000000000000054       0x2c ./Core/Src/stm32f1xx_hal_msp.o
 .debug_rnglists
                0x0000000000000080       0x4f ./Core/Src/stm32f1xx_it.o
 .debug_rnglists
                0x00000000000000cf       0x1a ./Core/Src/system_stm32f1xx.o
 .debug_rnglists
                0x00000000000000e9       0x19 ./Core/Startup/startup_stm32f103c8tx.o
 .debug_rnglists
                0x0000000000000102       0xa3 ./Drivers/STM32F1xx_HAL_Driver/Src/stm32f1xx_hal.o
 .debug_rnglists
                0x00000000000001a5       0xbc ./Drivers/STM32F1xx_HAL_Driver/Src/stm32f1xx_hal_adc.o
 .debug_rnglists
                0x0000000000000261       0xbb ./Drivers/STM32F1xx_HAL_Driver/Src/stm32f1xx_hal_cortex.o
 .debug_rnglists
                0x000000000000031c       0x64 ./Drivers/STM32F1xx_HAL_Driver/Src/stm32f1xx_hal_dma.o
 .debug_rnglists
                0x0000000000000380       0x3f ./Drivers/STM32F1xx_HAL_Driver/Src/stm32f1xx_hal_gpio.o
 .debug_rnglists
                0x00000000000003bf       0xf4 ./Drivers/STM32F1xx_HAL_Driver/Src/stm32f1xx_hal_pcd.o
 .debug_rnglists
                0x00000000000004b3       0x6c ./Drivers/STM32F1xx_HAL_Driver/Src/stm32f1xx_hal_rcc.o
 .debug_rnglists
                0x000000000000051f       0x21 ./Drivers/STM32F1xx_HAL_Driver/Src/stm32f1xx_hal_rcc_ex.o
 .debug_rnglists
                0x0000000000000540       0xbd ./Drivers/STM32F1xx_HAL_Driver/Src/stm32f1xx_ll_usb.o
 .debug_rnglists
                0x00000000000005fd       0x19 ./app/adc_task.o
 .debug_rnglists
                0x0000000000000616       0x32 ./app/usb_descriptor.o
 .debug_rnglists
                0x0000000000000648       0x3d ./drvs/adc_drv.o
 .debug_rnglists
                0x0000000000000685       0x84 ./libs/tinyusb/src/class/hid/hid_device.o
 .debug_rnglists
                0x0000000000000709       0xbd ./libs/tinyusb/src/common/tusb_fifo.o
 .debug_rnglists
                0x00000000000007c6      0x1b8 ./libs/tinyusb/src/device/usbd.o
 .debug_rnglists
                0x000000000000097e       0x46 ./libs/tinyusb/src/device/usbd_control.o
 .debug_rnglists
                0x00000000000009c4       0xea ./libs/tinyusb/src/portable/st/stm32_fsdev/dcd_stm32_fsdev.o
 .debug_rnglists
                0x0000000000000aae       0xa7 ./libs/tinyusb/src/tusb.o
 .debug_rnglists
                0x0000000000000b55       0x22 ./utils/adc_corrector.o
 .debug_rnglists
                0x0000000000000b77       0x19 ./utils/ema_filter.o
 .debug_rnglists
                0x0000000000000b90       0x19 ./utils/hysteresis_filter.o

.debug_macro    0x0000000000000000    0x1b4ef
 .debug_macro   0x0000000000000000      0x42f ./Core/Src/main.o
 .debug_macro   0x000000000000042f      0xa9c ./Core/Src/main.o
 .debug_macro   0x0000000000000ecb      0x221 ./Core/Src/main.o
 .debug_macro   0x00000000000010ec       0x2e ./Core/Src/main.o
 .debug_macro   0x000000000000111a       0x22 ./Core/Src/main.o
 .debug_macro   0x000000000000113c       0x22 ./Core/Src/main.o
 .debug_macro   0x000000000000115e       0x8e ./Core/Src/main.o
 .debug_macro   0x00000000000011ec       0x51 ./Core/Src/main.o
 .debug_macro   0x000000000000123d      0x103 ./Core/Src/main.o
 .debug_macro   0x0000000000001340       0x6a ./Core/Src/main.o
 .debug_macro   0x00000000000013aa      0x1df ./Core/Src/main.o
 .debug_macro   0x0000000000001589       0x1c ./Core/Src/main.o
 .debug_macro   0x00000000000015a5       0x22 ./Core/Src/main.o
 .debug_macro   0x00000000000015c7       0xbd ./Core/Src/main.o
 .debug_macro   0x0000000000001684      0xd23 ./Core/Src/main.o
 .debug_macro   0x00000000000023a7     0xe09e ./Core/Src/main.o
 .debug_macro   0x0000000000010445       0x6d ./Core/Src/main.o
 .debug_macro   0x00000000000104b2     0x34a2 ./Core/Src/main.o
 .debug_macro   0x0000000000013954      0x174 ./Core/Src/main.o
 .debug_macro   0x0000000000013ac8       0x5c ./Core/Src/main.o
 .debug_macro   0x0000000000013b24      0x5bc ./Core/Src/main.o
 .debug_macro   0x00000000000140e0      0x289 ./Core/Src/main.o
 .debug_macro   0x0000000000014369      0x1cb ./Core/Src/main.o
 .debug_macro   0x0000000000014534      0x114 ./Core/Src/main.o
 .debug_macro   0x0000000000014648      0x1b2 ./Core/Src/main.o
 .debug_macro   0x00000000000147fa       0x27 ./Core/Src/main.o
 .debug_macro   0x0000000000014821      0x136 ./Core/Src/main.o
 .debug_macro   0x0000000000014957      0x1bc ./Core/Src/main.o
 .debug_macro   0x0000000000014b13       0x34 ./Core/Src/main.o
 .debug_macro   0x0000000000014b47       0x3c ./Core/Src/main.o
 .debug_macro   0x0000000000014b83       0x57 ./Core/Src/main.o
 .debug_macro   0x0000000000014bda      0x46a ./Core/Src/main.o
 .debug_macro   0x0000000000015044      0x1b5 ./Core/Src/main.o
 .debug_macro   0x00000000000151f9       0x87 ./Core/Src/main.o
 .debug_macro   0x0000000000015280      0x240 ./Core/Src/main.o
 .debug_macro   0x00000000000154c0      0x140 ./Core/Src/main.o
 .debug_macro   0x0000000000015600       0xb7 ./Core/Src/main.o
 .debug_macro   0x00000000000156b7      0x242 ./Core/Src/main.o
 .debug_macro   0x00000000000158f9       0x83 ./Core/Src/main.o
 .debug_macro   0x000000000001597c       0x28 ./Core/Src/main.o
 .debug_macro   0x00000000000159a4       0x10 ./Core/Src/main.o
 .debug_macro   0x00000000000159b4       0x22 ./Core/Src/main.o
 .debug_macro   0x00000000000159d6       0x70 ./Core/Src/main.o
 .debug_macro   0x0000000000015a46       0x61 ./Core/Src/main.o
 .debug_macro   0x0000000000015aa7       0x24 ./Core/Src/main.o
 .debug_macro   0x0000000000015acb       0x43 ./Core/Src/main.o
 .debug_macro   0x0000000000015b0e       0x3a ./Core/Src/main.o
 .debug_macro   0x0000000000015b48       0x35 ./Core/Src/main.o
 .debug_macro   0x0000000000015b7d      0x460 ./Core/Src/main.o
 .debug_macro   0x0000000000015fdd       0x16 ./Core/Src/main.o
 .debug_macro   0x0000000000015ff3       0x43 ./Core/Src/main.o
 .debug_macro   0x0000000000016036       0x34 ./Core/Src/main.o
 .debug_macro   0x000000000001606a       0x10 ./Core/Src/main.o
 .debug_macro   0x000000000001607a       0x58 ./Core/Src/main.o
 .debug_macro   0x00000000000160d2       0x8e ./Core/Src/main.o
 .debug_macro   0x0000000000016160       0x1c ./Core/Src/main.o
 .debug_macro   0x000000000001617c      0x177 ./Core/Src/main.o
 .debug_macro   0x00000000000162f3      0x369 ./Core/Src/main.o
 .debug_macro   0x000000000001665c       0x10 ./Core/Src/main.o
 .debug_macro   0x000000000001666c       0x20 ./Core/Src/main.o
 .debug_macro   0x000000000001668c       0x1c ./Core/Src/main.o
 .debug_macro   0x00000000000166a8       0x10 ./Core/Src/main.o
 .debug_macro   0x00000000000166b8       0x1c ./Core/Src/main.o
 .debug_macro   0x00000000000166d4       0x16 ./Core/Src/main.o
 .debug_macro   0x00000000000166ea      0x147 ./Core/Src/main.o
 .debug_macro   0x0000000000016831      0x160 ./Core/Src/main.o
 .debug_macro   0x0000000000016991      0x341 ./Core/Src/main.o
 .debug_macro   0x0000000000016cd2       0x64 ./Core/Src/main.o
 .debug_macro   0x0000000000016d36       0x41 ./Core/Src/main.o
 .debug_macro   0x0000000000016d77      0x1d2 ./Core/Src/main.o
 .debug_macro   0x0000000000016f49       0x46 ./Core/Src/main.o
 .debug_macro   0x0000000000016f8f       0x35 ./Core/Src/main.o
 .debug_macro   0x0000000000016fc4       0xc3 ./Core/Src/main.o
 .debug_macro   0x0000000000017087       0x25 ./Core/Src/main.o
 .debug_macro   0x00000000000170ac       0x28 ./Core/Src/main.o
 .debug_macro   0x00000000000170d4       0x25 ./Core/Src/main.o
 .debug_macro   0x00000000000170f9       0x1f ./Core/Src/main.o
 .debug_macro   0x0000000000017118      0x389 ./Core/Src/main.o
 .debug_macro   0x00000000000174a1      0x80d ./Core/Src/main.o
 .debug_macro   0x0000000000017cae       0x4a ./Core/Src/main.o
 .debug_macro   0x0000000000017cf8       0x20 ./Core/Src/main.o
 .debug_macro   0x0000000000017d18      0x19b ./Core/Src/main.o
 .debug_macro   0x0000000000017eb3      0x1cb ./Core/Src/stm32f1xx_hal_msp.o
 .debug_macro   0x000000000001807e      0x3cb ./Core/Src/stm32f1xx_it.o
 .debug_macro   0x0000000000018449      0x1bc ./Core/Src/system_stm32f1xx.o
 .debug_macro   0x0000000000018605      0x1e0 ./Drivers/STM32F1xx_HAL_Driver/Src/stm32f1xx_hal.o
 .debug_macro   0x00000000000187e5      0x1d9 ./Drivers/STM32F1xx_HAL_Driver/Src/stm32f1xx_hal_adc.o
 .debug_macro   0x00000000000189be      0x1bc ./Drivers/STM32F1xx_HAL_Driver/Src/stm32f1xx_hal_cortex.o
 .debug_macro   0x0000000000018b7a      0x1bc ./Drivers/STM32F1xx_HAL_Driver/Src/stm32f1xx_hal_dma.o
 .debug_macro   0x0000000000018d36      0x227 ./Drivers/STM32F1xx_HAL_Driver/Src/stm32f1xx_hal_gpio.o
 .debug_macro   0x0000000000018f5d      0x1c8 ./Drivers/STM32F1xx_HAL_Driver/Src/stm32f1xx_hal_pcd.o
 .debug_macro   0x0000000000019125      0x1ce ./Drivers/STM32F1xx_HAL_Driver/Src/stm32f1xx_hal_rcc.o
 .debug_macro   0x00000000000192f3      0x1bc ./Drivers/STM32F1xx_HAL_Driver/Src/stm32f1xx_hal_rcc_ex.o
 .debug_macro   0x00000000000194af      0x1bc ./Drivers/STM32F1xx_HAL_Driver/Src/stm32f1xx_ll_usb.o
 .debug_macro   0x000000000001966b      0x16b ./app/adc_task.o
 .debug_macro   0x00000000000197d6      0x28d ./app/usb_descriptor.o
 .debug_macro   0x0000000000019a63       0x82 ./app/usb_descriptor.o
 .debug_macro   0x0000000000019ae5      0x104 ./app/usb_descriptor.o
 .debug_macro   0x0000000000019be9      0x2a9 ./drvs/adc_drv.o
 .debug_macro   0x0000000000019e92      0x25a ./libs/tinyusb/src/class/hid/hid_device.o
 .debug_macro   0x000000000001a0ec      0x383 ./libs/tinyusb/src/class/hid/hid_device.o
 .debug_macro   0x000000000001a46f       0x2e ./libs/tinyusb/src/class/hid/hid_device.o
 .debug_macro   0x000000000001a49d       0x10 ./libs/tinyusb/src/class/hid/hid_device.o
 .debug_macro   0x000000000001a4ad      0x236 ./libs/tinyusb/src/common/tusb_fifo.o
 .debug_macro   0x000000000001a6e3      0x297 ./libs/tinyusb/src/device/usbd.o
 .debug_macro   0x000000000001a97a       0x10 ./libs/tinyusb/src/device/usbd.o
 .debug_macro   0x000000000001a98a      0x27f ./libs/tinyusb/src/device/usbd_control.o
 .debug_macro   0x000000000001ac09      0x390 ./libs/tinyusb/src/portable/st/stm32_fsdev/dcd_stm32_fsdev.o
 .debug_macro   0x000000000001af99       0x56 ./libs/tinyusb/src/portable/st/stm32_fsdev/dcd_stm32_fsdev.o
 .debug_macro   0x000000000001afef       0x2c ./libs/tinyusb/src/portable/st/stm32_fsdev/dcd_stm32_fsdev.o
 .debug_macro   0x000000000001b01b       0x55 ./libs/tinyusb/src/portable/st/stm32_fsdev/dcd_stm32_fsdev.o
 .debug_macro   0x000000000001b070      0x27f ./libs/tinyusb/src/tusb.o
 .debug_macro   0x000000000001b2ef      0x126 ./utils/adc_corrector.o
 .debug_macro   0x000000000001b415       0x6d ./utils/ema_filter.o
 .debug_macro   0x000000000001b482       0x6d ./utils/hysteresis_filter.o

.debug_line     0x0000000000000000    0x12df4
 .debug_line    0x0000000000000000      0xdaa ./Core/Src/main.o
 .debug_line    0x0000000000000daa      0x716 ./Core/Src/stm32f1xx_hal_msp.o
 .debug_line    0x00000000000014c0      0xaed ./Core/Src/stm32f1xx_it.o
 .debug_line    0x0000000000001fad      0x6ef ./Core/Src/system_stm32f1xx.o
 .debug_line    0x000000000000269c       0x78 ./Core/Startup/startup_stm32f103c8tx.o
 .debug_line    0x0000000000002714      0x91c ./Drivers/STM32F1xx_HAL_Driver/Src/stm32f1xx_hal.o
 .debug_line    0x0000000000003030      0xf99 ./Drivers/STM32F1xx_HAL_Driver/Src/stm32f1xx_hal_adc.o
 .debug_line    0x0000000000003fc9      0xb04 ./Drivers/STM32F1xx_HAL_Driver/Src/stm32f1xx_hal_cortex.o
 .debug_line    0x0000000000004acd      0xd75 ./Drivers/STM32F1xx_HAL_Driver/Src/stm32f1xx_hal_dma.o
 .debug_line    0x0000000000005842      0x9b5 ./Drivers/STM32F1xx_HAL_Driver/Src/stm32f1xx_hal_gpio.o
 .debug_line    0x00000000000061f7     0x1344 ./Drivers/STM32F1xx_HAL_Driver/Src/stm32f1xx_hal_pcd.o
 .debug_line    0x000000000000753b      0xd25 ./Drivers/STM32F1xx_HAL_Driver/Src/stm32f1xx_hal_rcc.o
 .debug_line    0x0000000000008260      0x860 ./Drivers/STM32F1xx_HAL_Driver/Src/stm32f1xx_hal_rcc_ex.o
 .debug_line    0x0000000000008ac0      0xfd1 ./Drivers/STM32F1xx_HAL_Driver/Src/stm32f1xx_ll_usb.o
 .debug_line    0x0000000000009a91      0x5e7 ./app/adc_task.o
 .debug_line    0x000000000000a078      0x812 ./app/usb_descriptor.o
 .debug_line    0x000000000000a88a      0x91c ./drvs/adc_drv.o
 .debug_line    0x000000000000b1a6      0xcfd ./libs/tinyusb/src/class/hid/hid_device.o
 .debug_line    0x000000000000bea3      0xdea ./libs/tinyusb/src/common/tusb_fifo.o
 .debug_line    0x000000000000cc8d     0x1a14 ./libs/tinyusb/src/device/usbd.o
 .debug_line    0x000000000000e6a1      0x98d ./libs/tinyusb/src/device/usbd_control.o
 .debug_line    0x000000000000f02e     0x209e ./libs/tinyusb/src/portable/st/stm32_fsdev/dcd_stm32_fsdev.o
 .debug_line    0x00000000000110cc      0xf6e ./libs/tinyusb/src/tusb.o
 .debug_line    0x000000000001203a      0x5f9 ./utils/adc_corrector.o
 .debug_line    0x0000000000012633      0x3cf ./utils/ema_filter.o
 .debug_line    0x0000000000012a02      0x3f2 ./utils/hysteresis_filter.o

.debug_str      0x0000000000000000    0x9e4cc
 .debug_str     0x0000000000000000    0x98c46 ./Core/Src/main.o
                                      0x990f9 (size before relaxing)
 .debug_str     0x0000000000098c46       0xd9 ./Core/Src/stm32f1xx_hal_msp.o
                                      0x82b8e (size before relaxing)
 .debug_str     0x0000000000098d1f      0x108 ./Core/Src/stm32f1xx_it.o
                                      0x977a2 (size before relaxing)
 .debug_str     0x0000000000098e27       0x7e ./Core/Src/system_stm32f1xx.o
                                      0x820eb (size before relaxing)
 .debug_str     0x0000000000098ea5       0x34 ./Core/Startup/startup_stm32f103c8tx.o
                                         0x5d (size before relaxing)