../Drivers/CMSIS/Include/core_cm3.h:1511:22:__NVIC_EnableIRQ	16	static
../Drivers/CMSIS/Include/core_cm3.h:1547:22:__NVIC_DisableIRQ	16	static,ignoring_inline_asm
../libs/tinyusb/src/portable/st/stm32_fsdev/fsdev_stm32.h:300:6:dcd_int_enable	24	static,ignoring_inline_asm
../libs/tinyusb/src/portable/st/stm32_fsdev/fsdev_stm32.h:323:6:dcd_int_disable	24	static
../libs/tinyusb/src/portable/st/stm32_fsdev/dcd_stm32_fsdev.c:188:6:dcd_init	48	static,ignoring_inline_asm
../libs/tinyusb/src/portable/st/stm32_fsdev/dcd_stm32_fsdev.c:232:6:dcd_sof_enable	16	static
../libs/tinyusb/src/portable/st/stm32_fsdev/dcd_stm32_fsdev.c:243:6:dcd_set_address	16	static
../libs/tinyusb/src/portable/st/stm32_fsdev/dcd_stm32_fsdev.c:253:6:dcd_remote_wakeup	16	static
../libs/tinyusb/src/portable/st/stm32_fsdev/dcd_stm32_fsdev.c:260:13:handle_bus_reset	24	static
../libs/tinyusb/src/portable/st/stm32_fsdev/dcd_stm32_fsdev.c:280:13:handle_ctr_tx	80	static
../libs/tinyusb/src/portable/st/stm32_fsdev/dcd_stm32_fsdev.c:305:13:handle_ctr_setup	144	static,ignoring_inline_asm
../libs/tinyusb/src/portable/st/stm32_fsdev/dcd_stm32_fsdev.c:327:13:handle_ctr_rx	208	static
../libs/tinyusb/src/portable/st/stm32_fsdev/dcd_stm32_fsdev.c:372:6:dcd_int_handler	152	static,ignoring_inline_asm
../libs/tinyusb/src/portable/st/stm32_fsdev/dcd_stm32_fsdev.c:475:6:dcd_edpt0_status_complete	64	static
../libs/tinyusb/src/portable/st/stm32_fsdev/dcd_stm32_fsdev.c:493:17:dcd_pma_alloc	64	static,ignoring_inline_asm
../libs/tinyusb/src/portable/st/stm32_fsdev/dcd_stm32_fsdev.c:517:16:dcd_ep_alloc	32	static,ignoring_inline_asm
../libs/tinyusb/src/portable/st/stm32_fsdev/dcd_stm32_fsdev.c:552:6:edpt0_open	120	static
../libs/tinyusb/src/portable/st/stm32_fsdev/dcd_stm32_fsdev.c:580:6:dcd_edpt_open	96	static,ignoring_inline_asm
../libs/tinyusb/src/portable/st/stm32_fsdev/dcd_stm32_fsdev.c:629:6:dcd_edpt_close_all	32	static
../libs/tinyusb/src/portable/st/stm32_fsdev/dcd_stm32_fsdev.c:648:6:dcd_edpt_iso_alloc	56	static
../libs/tinyusb/src/portable/st/stm32_fsdev/dcd_stm32_fsdev.c:674:6:dcd_edpt_iso_activate	88	static
../libs/tinyusb/src/portable/st/stm32_fsdev/dcd_stm32_fsdev.c:698:13:dcd_transmit_packet	80	static
../libs/tinyusb/src/portable/st/stm32_fsdev/dcd_stm32_fsdev.c:729:13:edpt_xfer	208	static
../libs/tinyusb/src/portable/st/stm32_fsdev/dcd_stm32_fsdev.c:757:6:dcd_edpt_xfer	32	static
../libs/tinyusb/src/portable/st/stm32_fsdev/dcd_stm32_fsdev.c:770:6:dcd_edpt_xfer_fifo	32	static
../libs/tinyusb/src/portable/st/stm32_fsdev/dcd_stm32_fsdev.c:783:6:dcd_edpt_stall	64	static
../libs/tinyusb/src/portable/st/stm32_fsdev/dcd_stm32_fsdev.c:797:6:dcd_edpt_clear_stall	72	static
../libs/tinyusb/src/portable/st/stm32_fsdev/dcd_stm32_fsdev.c:822:13:dcd_write_packet_memory	40	static
../libs/tinyusb/src/portable/st/stm32_fsdev/dcd_stm32_fsdev.c:851:13:dcd_read_packet_memory	40	static
../libs/tinyusb/src/portable/st/stm32_fsdev/dcd_stm32_fsdev.c:878:13:dcd_write_packet_memory_ff	64	static
../libs/tinyusb/src/portable/st/stm32_fsdev/dcd_stm32_fsdev.c:927:13:dcd_read_packet_memory_ff	64	static
