../libs/tinyusb/src/class/hid/hid_device.c:78:19:tud_hid_set_protocol_cb	16	static
../libs/tinyusb/src/class/hid/hid_device.c:83:19:tud_hid_set_idle_cb	16	static
../libs/tinyusb/src/class/hid/hid_device.c:89:19:tud_hid_report_complete_cb	16	static
../libs/tinyusb/src/class/hid/hid_device.c:96:19:tud_hid_report_failed_cb	16	static
../libs/tinyusb/src/class/hid/hid_device.c:106:6:tud_hid_n_ready	24	static
../libs/tinyusb/src/class/hid/hid_device.c:112:6:tud_hid_n_report	64	static
../libs/tinyusb/src/class/hid/hid_device.c:133:9:tud_hid_n_interface_protocol	16	static
../libs/tinyusb/src/class/hid/hid_device.c:137:9:tud_hid_n_get_protocol	16	static
../libs/tinyusb/src/class/hid/hid_device.c:141:6:tud_hid_n_keyboard_report	24	static
../libs/tinyusb/src/class/hid/hid_device.c:155:6:tud_hid_n_mouse_report	32	static
../libs/tinyusb/src/class/hid/hid_device.c:168:6:tud_hid_n_abs_mouse_report	32	static
../libs/tinyusb/src/class/hid/hid_device.c:180:6:tud_hid_n_gamepad_report	40	static
../libs/tinyusb/src/class/hid/hid_device.c:196:6:tud_hid_n_stylus_report	32	static
../libs/tinyusb/src/class/hid/hid_device.c:209:6:hidd_init	8	static
../libs/tinyusb/src/class/hid/hid_device.c:213:6:hidd_deinit	4	static
../libs/tinyusb/src/class/hid/hid_device.c:217:6:hidd_reset	16	static
../libs/tinyusb/src/class/hid/hid_device.c:222:10:hidd_open	88	static,ignoring_inline_asm
../libs/tinyusb/src/class/hid/hid_device.c:274:6:hidd_control_xfer_cb	88	static,ignoring_inline_asm
../libs/tinyusb/src/class/hid/hid_device.c:385:6:hidd_xfer_cb	48	static,ignoring_inline_asm
