../Core/Src/main.c:80:6:usb_hid_mouse_send	32	static
../Core/Src/main.c:98:6:AdcTask_irq_callback	16	static
../Core/Src/main.c:103:6:Mouse_GetAction	16	static
../Core/Src/main.c:132:6:Mouse_SendHIDReport	24	static
../Core/Src/main.c:151:5:main	16	static
../Core/Src/main.c:210:6:SystemClock_Config	88	static
../Core/Src/main.c:258:13:MX_ADC1_Init	24	static
../Core/Src/main.c:315:13:MX_USB_PCD_Init	8	static
../Core/Src/main.c:344:13:MX_DMA_Init	16	static
../Core/Src/main.c:362:13:MX_GPIO_Init	40	static
../Core/Src/main.c:391:6:Error_Handler	4	static,ignoring_inline_asm
